Archive member included because of file (symbol)

libbb/lib.a(appletlib.o)      /usr/local/arm/arm-2009q3/bin/../arm-none-linux-gnueabi/libc/usr/lib/crt1.o (main)
libbb/lib.a(concat_path_file.o)
                              libbb/lib.a(appletlib.o) (concat_path_file)
libbb/lib.a(default_error_retval.o)
                              libbb/lib.a(appletlib.o) (xfunc_error_retval)
libbb/lib.a(get_last_path_component.o)
                              libbb/lib.a(appletlib.o) (bb_get_last_path_component_nostrip)
libbb/lib.a(last_char_is.o)   libbb/lib.a(concat_path_file.o) (last_char_is)
libbb/lib.a(llist.o)          libbb/lib.a(appletlib.o) (llist_free)
libbb/lib.a(messages.o)       libbb/lib.a(appletlib.o) (bb_banner)
libbb/lib.a(perror_msg.o)     libbb/lib.a(appletlib.o) (bb_simple_perror_msg)
libbb/lib.a(ptr_to_globals.o)
                              libbb/lib.a(appletlib.o) (bb_errno)
libbb/lib.a(skip_whitespace.o)
                              libbb/lib.a(appletlib.o) (skip_whitespace)
libbb/lib.a(verror_msg.o)     libbb/lib.a(perror_msg.o) (bb_verror_msg)
libbb/lib.a(wfopen.o)         libbb/lib.a(appletlib.o) (fopen_for_read)
libbb/lib.a(xfunc_die.o)      libbb/lib.a(appletlib.o) (xfunc_die)
libbb/lib.a(xfuncs.o)         libbb/lib.a(appletlib.o) (get_terminal_width_height)
libbb/lib.a(xfuncs_printf.o)  libbb/lib.a(appletlib.o) (xsetuid)
libbb/lib.a(xreadlink.o)      libbb/lib.a(appletlib.o) (xmalloc_readlink)
libbb/lib.a(copyfd.o)         libbb/lib.a(xfuncs_printf.o) (bb_copyfd_eof)
libbb/lib.a(full_write.o)     libbb/lib.a(verror_msg.o) (full_write)
libbb/lib.a(read.o)           libbb/lib.a(copyfd.o) (safe_read)
libbb/lib.a(safe_write.o)     libbb/lib.a(full_write.o) (safe_write)
libbb/lib.a(time.o)           libbb/lib.a(xfuncs_printf.o) (monotonic_us)
libbb/lib.a(bb_strtonum.o)    libbb/lib.a(time.o) (bb_strtol)
libpwdgrp/lib.a(pwd_grp.o)    libbb/lib.a(appletlib.o) (bb_internal_getpwnam)
libpwdgrp/lib.a(uidgid_get.o)
                              libbb/lib.a(appletlib.o) (get_uidgid)
loginutils/lib.a(add-remove-shell.o)
                              libbb/lib.a(appletlib.o) (add_remove_shell_main)
loginutils/lib.a(addgroup.o)  libbb/lib.a(appletlib.o) (addgroup_main)
loginutils/lib.a(adduser.o)   libbb/lib.a(appletlib.o) (adduser_main)
loginutils/lib.a(chpasswd.o)  libbb/lib.a(appletlib.o) (chpasswd_main)
loginutils/lib.a(cryptpw.o)   libbb/lib.a(appletlib.o) (cryptpw_main)
loginutils/lib.a(deluser.o)   libbb/lib.a(appletlib.o) (deluser_main)
loginutils/lib.a(getty.o)     libbb/lib.a(appletlib.o) (getty_main)
loginutils/lib.a(login.o)     libbb/lib.a(appletlib.o) (login_main)
loginutils/lib.a(passwd.o)    libbb/lib.a(appletlib.o) (passwd_main)
loginutils/lib.a(su.o)        libbb/lib.a(appletlib.o) (su_main)
loginutils/lib.a(sulogin.o)   libbb/lib.a(appletlib.o) (sulogin_main)
loginutils/lib.a(vlock.o)     libbb/lib.a(appletlib.o) (vlock_main)
mailutils/lib.a(makemime.o)   libbb/lib.a(appletlib.o) (makemime_main)
mailutils/lib.a(popmaildir.o)
                              libbb/lib.a(appletlib.o) (popmaildir_main)
mailutils/lib.a(reformime.o)  libbb/lib.a(appletlib.o) (reformime_main)
mailutils/lib.a(sendmail.o)   libbb/lib.a(appletlib.o) (sendmail_main)
mailutils/lib.a(mail.o)       mailutils/lib.a(popmaildir.o) (get_cred_or_die)
miscutils/lib.a(adjtimex.o)   libbb/lib.a(appletlib.o) (adjtimex_main)
miscutils/lib.a(beep.o)       libbb/lib.a(appletlib.o) (beep_main)
miscutils/lib.a(chat.o)       libbb/lib.a(appletlib.o) (chat_main)
miscutils/lib.a(chrt.o)       libbb/lib.a(appletlib.o) (chrt_main)
miscutils/lib.a(conspy.o)     libbb/lib.a(appletlib.o) (conspy_main)
miscutils/lib.a(crond.o)      libbb/lib.a(appletlib.o) (crond_main)
miscutils/lib.a(crontab.o)    libbb/lib.a(appletlib.o) (crontab_main)
miscutils/lib.a(dc.o)         libbb/lib.a(appletlib.o) (dc_main)
miscutils/lib.a(devmem.o)     libbb/lib.a(appletlib.o) (devmem_main)
miscutils/lib.a(eject.o)      libbb/lib.a(appletlib.o) (eject_main)
miscutils/lib.a(fbsplash.o)   libbb/lib.a(appletlib.o) (fbsplash_main)
miscutils/lib.a(hdparm.o)     libbb/lib.a(appletlib.o) (hdparm_main)
miscutils/lib.a(ionice.o)     libbb/lib.a(appletlib.o) (ionice_main)
miscutils/lib.a(last_fancy.o)
                              libbb/lib.a(appletlib.o) (last_main)
miscutils/lib.a(less.o)       libbb/lib.a(appletlib.o) (less_main)
miscutils/lib.a(makedevs.o)   libbb/lib.a(appletlib.o) (makedevs_main)
miscutils/lib.a(man.o)        libbb/lib.a(appletlib.o) (man_main)
miscutils/lib.a(microcom.o)   libbb/lib.a(appletlib.o) (microcom_main)
miscutils/lib.a(mountpoint.o)
                              libbb/lib.a(appletlib.o) (mountpoint_main)
miscutils/lib.a(mt.o)         libbb/lib.a(appletlib.o) (mt_main)
miscutils/lib.a(nandwrite.o)  libbb/lib.a(appletlib.o) (nandwrite_main)
miscutils/lib.a(raidautorun.o)
                              libbb/lib.a(appletlib.o) (raidautorun_main)
miscutils/lib.a(readahead.o)  libbb/lib.a(appletlib.o) (readahead_main)
[...]
Memory Configuration

Name             Origin             Length             Attributes
*default*        0x00000000         0xffffffff

Linker script and memory map

LOAD /usr/local/arm/arm-2009q3/bin/../arm-none-linux-gnueabi/libc/usr/lib/crt1.o
LOAD /usr/local/arm/arm-2009q3/bin/../arm-none-linux-gnueabi/libc/usr/lib/crti.o
LOAD /usr/local/arm/arm-2009q3/bin/../lib/gcc/arm-none-linux-gnueabi/4.4.1/crtbegin.o
START GROUP
LOAD applets/built-in.o
LOAD archival/lib.a
LOAD archival/libarchive/lib.a
LOAD console-tools/lib.a
LOAD coreutils/lib.a
LOAD coreutils/libcoreutils/lib.a
LOAD debianutils/lib.a
LOAD e2fsprogs/lib.a
LOAD editors/lib.a
LOAD findutils/lib.a
LOAD init/lib.a
LOAD libbb/lib.a
LOAD libpwdgrp/lib.a
LOAD loginutils/lib.a
LOAD mailutils/lib.a
LOAD miscutils/lib.a
LOAD modutils/lib.a
LOAD networking/lib.a
LOAD networking/libiproute/lib.a
LOAD networking/udhcp/lib.a
LOAD printutils/lib.a
LOAD procps/lib.a
LOAD runit/lib.a
LOAD selinux/lib.a
LOAD shell/lib.a
LOAD sysklogd/lib.a
LOAD util-linux/lib.a
LOAD util-linux/volume_id/lib.a
LOAD archival/built-in.o
LOAD archival/libarchive/built-in.o
LOAD console-tools/built-in.o
LOAD coreutils/built-in.o
LOAD coreutils/libcoreutils/built-in.o
LOAD debianutils/built-in.o
LOAD e2fsprogs/built-in.o
LOAD editors/built-in.o
LOAD findutils/built-in.o
LOAD init/built-in.o
LOAD libbb/built-in.o
LOAD libpwdgrp/built-in.o
LOAD loginutils/built-in.o
LOAD mailutils/built-in.o
LOAD miscutils/built-in.o
LOAD modutils/built-in.o
LOAD networking/built-in.o
LOAD networking/libiproute/built-in.o
LOAD networking/udhcp/built-in.o
LOAD printutils/built-in.o
LOAD procps/built-in.o
LOAD runit/built-in.o
LOAD selinux/built-in.o
LOAD shell/built-in.o
LOAD sysklogd/built-in.o
LOAD util-linux/built-in.o
LOAD util-linux/volume_id/built-in.o
END GROUP
START GROUP
LOAD /usr/local/arm/arm-2009q3/bin/../arm-none-linux-gnueabi/libc/usr/lib/libm.so
END GROUP
LOAD /usr/local/arm/arm-2009q3/bin/../lib/gcc/arm-none-linux-gnueabi/4.4.1/libgcc.a
LOAD /usr/local/arm/arm-2009q3/bin/../lib/gcc/arm-none-linux-gnueabi/4.4.1/libgcc_eh.a
LOAD /usr/local/arm/arm-2009q3/bin/../arm-none-linux-gnueabi/libc/usr/lib/libc.so
START GROUP
LOAD /usr/local/arm/arm-2009q3/bin/../arm-none-linux-gnueabi/libc/lib/libc.so.6
LOAD /usr/local/arm/arm-2009q3/bin/../arm-none-linux-gnueabi/libc/usr/lib/libc_nonshared.a
LOAD /usr/local/arm/arm-2009q3/bin/../arm-none-linux-gnueabi/libc/lib/ld-linux.so.3
END GROUP
LOAD /usr/local/arm/arm-2009q3/bin/../lib/gcc/arm-none-linux-gnueabi/4.4.1/libgcc.a
LOAD /usr/local/arm/arm-2009q3/bin/../lib/gcc/arm-none-linux-gnueabi/4.4.1/libgcc_eh.a
LOAD /usr/local/arm/arm-2009q3/bin/../lib/gcc/arm-none-linux-gnueabi/4.4.1/crtend.o
LOAD /usr/local/arm/arm-2009q3/bin/../arm-none-linux-gnueabi/libc/usr/lib/crtn.o
                0x00008000                PROVIDE (__executable_start, 0x8000)
                0x00008114                . = (0x8000 + SIZEOF_HEADERS)

.interp         0x00008114       0x13
 *(SORT(.interp))
 .interp        0x00008114       0x13 /usr/local/arm/arm-2009q3/bin/../arm-none-linux-gnueabi/libc/usr/lib/crti.o

.note.gnu.build-id
 *(SORT(.note.gnu.build-id))

.hash           0x00008128      0xa4c
 *(SORT(.hash))
 .hash          0x00008128      0xa4c /usr/local/arm/arm-2009q3/bin/../arm-none-linux-gnueabi/libc/usr/lib/crti.o

.gnu.hash
 *(SORT(.gnu.hash))

.dynsym         0x00008b74     0x18a0
 *(SORT(.dynsym))
 .dynsym        0x00008b74     0x18a0 /usr/local/arm/arm-2009q3/bin/../arm-none-linux-gnueabi/libc/usr/lib/crti.o

.dynstr         0x0000a414      0xcd3
 *(SORT(.dynstr))
 .dynstr        0x0000a414      0xcd3 /usr/local/arm/arm-2009q3/bin/../arm-none-linux-gnueabi/libc/usr/lib/crti.o

.gnu.version    0x0000b0e8      0x314
 *(SORT(.gnu.version))
 .gnu.version   0x0000b0e8      0x314 /usr/local/arm/arm-2009q3/bin/../arm-none-linux-gnueabi/libc/usr/lib/crti.o

.gnu.version_d  0x0000b3fc        0x0
 *(SORT(.gnu.version_d))
 .gnu.version_d
                0x00000000        0x0 /usr/local/arm/arm-2009q3/bin/../arm-none-linux-gnueabi/libc/usr/lib/crti.o

.gnu.version_r  0x0000b3fc       0x40
 *(SORT(.gnu.version_r))
 .gnu.version_r
                0x0000b3fc       0x40 /usr/local/arm/arm-2009q3/bin/../arm-none-linux-gnueabi/libc/usr/lib/crti.o

.rel.dyn        0x0000b43c       0x70
 *(SORT(.rel.init))
 *(SORT(.rel.text) SORT(.rel.text.*) SORT(.rel.gnu.linkonce.t.*))
 *(SORT(.rel.fini))
 *(SORT(.rel.rodata) SORT(.rel.rodata.*) SORT(.rel.gnu.linkonce.r.*))
 *(SORT(.rel.data.rel.ro*) SORT(.rel.gnu.linkonce.d.rel.ro.*))
 *(SORT(.rel.data) SORT(.rel.data.*) SORT(.rel.gnu.linkonce.d.*))
 *(SORT(.rel.tdata) SORT(.rel.tdata.*) SORT(.rel.gnu.linkonce.td.*))
 *(SORT(.rel.tbss) SORT(.rel.tbss.*) SORT(.rel.gnu.linkonce.tb.*))
 *(SORT(.rel.ctors))
 *(SORT(.rel.dtors))
 *(SORT(.rel.got))
 .rel.got       0x0000b43c       0x28 /usr/local/arm/arm-2009q3/bin/../arm-none-linux-gnueabi/libc/usr/lib/crti.o
 *(SORT(.rel.bss) SORT(.rel.bss.*) SORT(.rel.gnu.linkonce.b.*))
 .rel.bss       0x0000b464       0x48 /usr/local/arm/arm-2009q3/bin/../arm-none-linux-gnueabi/libc/usr/lib/crti.o
 *(SORT(.rel.ifunc))

.rela.dyn
 *(SORT(.rela.init))
 *(SORT(.rela.text) SORT(.rela.text.*) SORT(.rela.gnu.linkonce.t.*))
 *(SORT(.rela.fini))
 *(SORT(.rela.rodata) SORT(.rela.rodata.*) SORT(.rela.gnu.linkonce.r.*))
 *(SORT(.rela.data) SORT(.rela.data.*) SORT(.rela.gnu.linkonce.d.*))
 *(SORT(.rela.tdata) SORT(.rela.tdata.*) SORT(.rela.gnu.linkonce.td.*))
 *(SORT(.rela.tbss) SORT(.rela.tbss.*) SORT(.rela.gnu.linkonce.tb.*))
 *(SORT(.rela.ctors))
 *(SORT(.rela.dtors))
 *(SORT(.rela.got))
 *(SORT(.rela.bss) SORT(.rela.bss.*) SORT(.rela.gnu.linkonce.b.*))
 *(SORT(.rela.ifunc))

.rel.plt        0x0000b4ac      0xbb8
 *(SORT(.rel.plt))
 .rel.plt       0x0000b4ac      0xbb8 /usr/local/arm/arm-2009q3/bin/../arm-none-linux-gnueabi/libc/usr/lib/crti.o
                0x0000c064                PROVIDE (__rel_iplt_start, .)
 *(SORT(.rel.iplt))
                0x0000c064                PROVIDE (__rel_iplt_end, .)

.rela.plt       0x0000c064        0x0
 *(SORT(.rela.plt))
                0x0000c064                PROVIDE (__rela_iplt_start, .)
 *(SORT(.rela.iplt))
                0x0000c064                PROVIDE (__rela_iplt_end, .)

.init           0x0000c064        0xc
 *(SORT(.init))
 .init          0x0000c064        0x8 /usr/local/arm/arm-2009q3/bin/../arm-none-linux-gnueabi/libc/usr/lib/crti.o
                0x0000c064                _init
 .init          0x0000c06c        0x4 /usr/local/arm/arm-2009q3/bin/../arm-none-linux-gnueabi/libc/usr/lib/crtn.o

.plt            0x0000c070     0x11a8
 *(SORT(.plt))
 .plt           0x0000c070     0x11a8 /usr/local/arm/arm-2009q3/bin/../arm-none-linux-gnueabi/libc/usr/lib/crti.o
                0x0000c084                pututline@@GLIBC_2.4
                0x0000c090                getnameinfo@@GLIBC_2.4
                0x0000c09c                getpgrp@@GLIBC_2.4
                0x0000c0a8                sync@@GLIBC_2.4
                0x0000c0b4                if_nametoindex@@GLIBC_2.4
                0x0000c0c0                init_module@@GLIBC_2.4
                0x0000c0cc                qsort@@GLIBC_2.4
                0x0000c0d8                pmap_unset@@GLIBC_2.4
                0x0000c0e4                sigemptyset@@GLIBC_2.4
                0x0000c0f0                daemon@@GLIBC_2.4
                0x0000c0fc                strerror@@GLIBC_2.4
                0x0000c108                updwtmp@@GLIBC_2.4
                0x0000c114                fileno@@GLIBC_2.4
                0x0000c120                inet_ntop@@GLIBC_2.4
                0x0000c12c                regfree@@GLIBC_2.4
                0x0000c138                mkdir@@GLIBC_2.4
                0x0000c144                __sigsetjmp@@GLIBC_2.4
                0x0000c150                unsetenv@@GLIBC_2.4
                0x0000c15c                reboot@@GLIBC_2.4
                0x0000c168                hasmntopt@@GLIBC_2.4
                0x0000c174                localtime_r@@GLIBC_2.4
                0x0000c180                geteuid@@GLIBC_2.4
                0x0000c18c                abort@@GLIBC_2.4
                0x0000c198                connect@@GLIBC_2.4
                0x0000c1a4                getsockname@@GLIBC_2.4
                0x0000c1b0                random@@GLIBC_2.4
                0x0000c1bc                srand@@GLIBC_2.4
                0x0000c1c8                statfs64@@GLIBC_2.4
                0x0000c1d4                setgroups@@GLIBC_2.4
                0x0000c1e0                getchar_unlocked@@GLIBC_2.4
                0x0000c1ec                vprintf@@GLIBC_2.4
                0x0000c1f8                strcasestr@@GLIBC_2.4
                0x0000c204                localtime@@GLIBC_2.4
                0x0000c210                opendir@@GLIBC_2.4
                0x0000c21c                memcmp@@GLIBC_2.4
                0x0000c228                sysconf@@GLIBC_2.4
                0x0000c234                syslog@@GLIBC_2.4
                0x0000c240                mktemp@@GLIBC_2.4
                0x0000c24c                __libc_start_main@@GLIBC_2.4
                0x0000c258                setlinebuf@@GLIBC_2.4
                0x0000c264                setbuf@@GLIBC_2.4
                0x0000c270                vasprintf@@GLIBC_2.4
                0x0000c27c                mkstemp64@@GLIBC_2.4
                0x0000c288                sendfile64@@GLIBC_2.4
                0x0000c294                inet_ntoa@@GLIBC_2.4
                0x0000c2a0                sigtimedwait@@GLIBC_2.4
                0x0000c2ac                signal@@GLIBC_2.4
                0x0000c2b8                getline@@GLIBC_2.4
                0x0000c2c4                msgget@@GLIBC_2.4
                0x0000c2d0                sigismember@@GLIBC_2.4
                0x0000c2e8                sched_yield@@GLIBC_2.4
                0x0000c2f4                tzset@@GLIBC_2.4
                0x0000c300                cfgetispeed@@GLIBC_2.4
                0x0000c30c                vsnprintf@@GLIBC_2.4
                0x0000c318                clearenv@@GLIBC_2.4
                0x0000c324                __gnu_Unwind_Find_exidx@@GLIBC_2.4
                0x0000c330                strsep@@GLIBC_2.4
                0x0000c33c                inet_addr@@GLIBC_2.4
                0x0000c348                vsprintf@@GLIBC_2.4
                0x0000c354                strptime@@GLIBC_2.4
                0x0000c360                pow@@GLIBC_2.4
                0x0000c36c                rename@@GLIBC_2.4
                0x0000c378                strncpy@@GLIBC_2.4
                0x0000c384                fclose@@GLIBC_2.4
                0x0000c390                recv@@GLIBC_2.4
                0x0000c39c                getenv@@GLIBC_2.4
                0x0000c3a8                ftello64@@GLIBC_2.4
                0x0000c3b4                strtod@@GLIBC_2.4
                0x0000c3c0                system@@GLIBC_2.4
                0x0000c3cc                strchr@@GLIBC_2.4
                0x0000c3d8                semop@@GLIBC_2.4
                0x0000c3e4                putchar@@GLIBC_2.4
                0x0000c3f0                strcasecmp@@GLIBC_2.4
                0x0000c3fc                dirname@@GLIBC_2.4
                0x0000c408                __cxa_atexit@@GLIBC_2.4
                0x0000c414                msgctl@@GLIBC_2.4
                0x0000c420                swapon@@GLIBC_2.4
                0x0000c42c                pclose@@GLIBC_2.4
                0x0000c438                fchown@@GLIBC_2.4
                0x0000c444                listen@@GLIBC_2.4
                0x0000c450                dprintf@@GLIBC_2.4
                0x0000c45c                sendto@@GLIBC_2.4
                0x0000c468                stpcpy@@GLIBC_2.4
                0x0000c474                hstrerror@@GLIBC_2.4
                0x0000c480                shmat@@GLIBC_2.4
                0x0000c48c                sched_get_priority_max@@GLIBC_2.4
                0x0000c498                mktime@@GLIBC_2.4
                0x0000c4a4                sched_setscheduler@@GLIBC_2.4
                0x0000c4b0                cfsetspeed@@GLIBC_2.4
                0x0000c4bc                setegid@@GLIBC_2.4
                0x0000c4c8                memset@@GLIBC_2.4
                0x0000c4d4                uname@@GLIBC_2.4
                0x0000c4e0                klogctl@@GLIBC_2.4
                0x0000c4ec                freeaddrinfo@@GLIBC_2.4
                0x0000c4f8                strrchr@@GLIBC_2.4
                0x0000c504                fsync@@GLIBC_2.4
                0x0000c510                setsid@@GLIBC_2.4
                0x0000c51c                getopt_long_only@@GLIBC_2.4
                0x0000c528                execvp@@GLIBC_2.4
                0x0000c534                ungetc@@GLIBC_2.4
                0x0000c54c                wait@@GLIBC_2.4
                0x0000c558                strtoll@@GLIBC_2.4
                0x0000c564                chmod@@GLIBC_2.4
                0x0000c570                execlp@@GLIBC_2.4
                0x0000c57c                exp@@GLIBC_2.4
                0x0000c588                __fxstat64@@GLIBC_2.4
                0x0000c594                fgets_unlocked@@GLIBC_2.4
                0x0000c5a0                tcgetpgrp@@GLIBC_2.4
                0x0000c5ac                swapoff@@GLIBC_2.4
                0x0000c5b8                shmdt@@GLIBC_2.4
                0x0000c5c4                usleep@@GLIBC_2.4
                0x0000c5d0                umount@@GLIBC_2.4
                0x0000c5dc                sqrt@@GLIBC_2.4
                0x0000c5e8                siglongjmp@@GLIBC_2.4
                0x0000c5f4                execle@@GLIBC_2.4
                0x0000c600                cfmakeraw@@GLIBC_2.4
                0x0000c60c                _exit@@GLIBC_2.4
                0x0000c618                pmap_set@@GLIBC_2.4
                0x0000c624                getuid@@GLIBC_2.4
                0x0000c630                strtoull@@GLIBC_2.4
                0x0000c63c                tcdrain@@GLIBC_2.4
                0x0000c648                __xmknod@@GLIBC_2.4
                0x0000c654                free@@GLIBC_2.4
                0x0000c660                sendmsg@@GLIBC_2.4
                0x0000c66c                setpgid@@GLIBC_2.4
                0x0000c678                read@@GLIBC_2.4
                0x0000c684                write@@GLIBC_2.4
                0x0000c690                getopt_long@@GLIBC_2.4
                0x0000c69c                access@@GLIBC_2.4
                0x0000c6a8                scanf@@GLIBC_2.4
                0x0000c6b4                openlog@@GLIBC_2.4
                0x0000c6c0                fputs_unlocked@@GLIBC_2.4
                0x0000c6cc                bindresvport@@GLIBC_2.4
                0x0000c6d8                inet_pton@@GLIBC_2.4
                0x0000c6e4                regerror@@GLIBC_2.4
                0x0000c6f0                gettimeofday@@GLIBC_2.4
                0x0000c6fc                gnu_dev_makedev@@GLIBC_2.4
                0x0000c708                setpriority@@GLIBC_2.4
                0x0000c714                accept@@GLIBC_2.4
                0x0000c720                getrlimit64@@GLIBC_2.4
                0x0000c72c                sched_getscheduler@@GLIBC_2.4
                0x0000c738                globfree64@@GLIBC_2.4
                0x0000c744                bsearch@@GLIBC_2.4
                0x0000c750                __res_init@@GLIBC_2.4
                0x0000c75c                tcgetattr@@GLIBC_2.4
                0x0000c768                symlink@@GLIBC_2.4
                0x0000c774                tcflush@@GLIBC_2.4
                0x0000c780                strchrnul@@GLIBC_2.4
                0x0000c78c                socket@@GLIBC_2.4
                0x0000c798                tcsetpgrp@@GLIBC_2.4
                0x0000c7a4                pread64@@GLIBC_2.4
                0x0000c7b0                execl@@GLIBC_2.4
                0x0000c7bc                vfork@@GLIBC_2.4
                0x0000c7c8                umask@@GLIBC_2.4
                0x0000c7d4                getaddrinfo@@GLIBC_2.4
                0x0000c7e0                fflush@@GLIBC_2.4
                0x0000c7ec                regcomp@@GLIBC_2.4
                0x0000c7f8                inet_aton@@GLIBC_2.4
                0x0000c804                readahead@@GLIBC_2.4
                0x0000c810                _setjmp@@GLIBC_2.4
                0x0000c81c                ioctl@@GLIBC_2.4
                0x0000c828                setuid@@GLIBC_2.4
                0x0000c834                isatty@@GLIBC_2.4
                0x0000c840                strsignal@@GLIBC_2.4
                0x0000c84c                getpriority@@GLIBC_2.4
                0x0000c858                glob64@@GLIBC_2.4
                0x0000c864                ether_ntoa@@GLIBC_2.4
                0x0000c870                mempcpy@@GLIBC_2.4
                0x0000c87c                cos@@GLIBC_2.4
                0x0000c888                strlen@@GLIBC_2.4
                0x0000c894                sscanf@@GLIBC_2.4
                0x0000c8a0                adjtimex@@GLIBC_2.4
                0x0000c8ac                getc_unlocked@@GLIBC_2.4
                0x0000c8b8                unlink@@GLIBC_2.4
                0x0000c8c4                getopt@@GLIBC_2.4
                0x0000c8d0                mallopt@@GLIBC_2.4
                0x0000c8dc                strtoul@@GLIBC_2.4
                0x0000c8e8                execv@@GLIBC_2.4
                0x0000c8f4                fdatasync@@GLIBC_2.4
                0x0000c900                memcpy@@GLIBC_2.4
                0x0000c90c                __h_errno_location@@GLIBC_2.4
                0x0000c918                fopen64@@GLIBC_2.4
                0x0000c924                clearerr@@GLIBC_2.4
                0x0000c930                gethostid@@GLIBC_2.4
                0x0000c93c                setresgid@@GLIBC_2.4
                0x0000c948                acct@@GLIBC_2.4
                0x0000c954                __res_state@@GLIBC_2.4
                0x0000c960                stime@@GLIBC_2.4
                0x0000c96c                feof@@GLIBC_2.4
                0x0000c978                getppid@@GLIBC_2.4
                0x0000c984                alarm@@GLIBC_2.4
                0x0000c990                strtol@@GLIBC_2.4
                0x0000c99c                sigaddset@@GLIBC_2.4
                0x0000c9a8                strcpy@@GLIBC_2.4
                0x0000c9b4                chroot@@GLIBC_2.4
                0x0000c9c0                fseeko64@@GLIBC_2.4
                0x0000c9cc                waitpid@@GLIBC_2.4
                0x0000c9d8                settimeofday@@GLIBC_2.4
                0x0000c9e4                printf@@GLIBC_2.4
                0x0000c9f0                ctime@@GLIBC_2.4
                0x0000c9fc                mkfifo@@GLIBC_2.4
                0x0000ca08                open64@@GLIBC_2.4
                0x0000ca14                sigisemptyset@@GLIBC_2.4
                0x0000ca20                raise@@GLIBC_2.4
                0x0000ca2c                getegid@@GLIBC_2.4
                0x0000ca38                sethostname@@GLIBC_2.4
                0x0000ca44                atoi@@GLIBC_2.4
                0x0000ca50                longjmp@@GLIBC_2.4
                0x0000ca5c                gethostbyaddr@@GLIBC_2.4
                0x0000ca68                killpg@@GLIBC_2.4
                0x0000ca74                asprintf@@GLIBC_2.4
                0x0000ca80                putenv@@GLIBC_2.4
                0x0000ca8c                getmntent_r@@GLIBC_2.4
                0x0000ca98                ptsname_r@@GLIBC_2.4
                0x0000caa4                shutdown@@GLIBC_2.4
                0x0000cab0                bind@@GLIBC_2.4
                0x0000cabc                fdopen@@GLIBC_2.4
                0x0000cac8                atof@@GLIBC_2.4
                0x0000cad4                umount2@@GLIBC_2.4
                0x0000cae0                srandom@@GLIBC_2.4
                0x0000caec                strstr@@GLIBC_2.4
                0x0000caf8                nice@@GLIBC_2.4
                0x0000cb04                select@@GLIBC_2.4
                0x0000cb10                realpath@@GLIBC_2.4
                0x0000cb1c                wait3@@GLIBC_2.4
                0x0000cb28                close@@GLIBC_2.4
                0x0000cb34                getlogin_r@@GLIBC_2.4
                0x0000cb40                fwrite@@GLIBC_2.4
                0x0000cb4c                closedir@@GLIBC_2.4
                0x0000cb58                strncasecmp@@GLIBC_2.4
                0x0000cb64                getrpcbyname@@GLIBC_2.4
                0x0000cb70                div@@GLIBC_2.4
                0x0000cb7c                semctl@@GLIBC_2.4
                0x0000cb88                mount@@GLIBC_2.4
                0x0000cb94                strverscmp@@GLIBC_2.4
                0x0000cba0                time@@GLIBC_2.4
                0x0000cbac                unlockpt@@GLIBC_2.4
                0x0000cbb8                setvbuf@@GLIBC_2.4
                0x0000cbc4                __xstat64@@GLIBC_2.4
                0x0000cbd0                fprintf@@GLIBC_2.4
                0x0000cbdc                getutent@@GLIBC_2.4
                0x0000cbe8                execve@@GLIBC_2.4
                0x0000cbf4                strdup@@GLIBC_2.4
                0x0000cc00                lseek64@@GLIBC_2.4
                0x0000cc0c                malloc@@GLIBC_2.4
                0x0000cc18                freopen64@@GLIBC_2.4
                0x0000cc24                mmap64@@GLIBC_2.4
                0x0000cc30                endmntent@@GLIBC_2.4
                0x0000cc3c                sigprocmask@@GLIBC_2.4
                0x0000cc48                munlock@@GLIBC_2.4
                0x0000cc54                cfsetospeed@@GLIBC_2.4
                0x0000cc60                sched_get_priority_min@@GLIBC_2.4
                0x0000cc6c                grantpt@@GLIBC_2.4
                0x0000cc78                __cmsg_nxthdr@@GLIBC_2.4
                0x0000cc84                sigaction@@GLIBC_2.4
                0x0000cc90                sigdelset@@GLIBC_2.4
                0x0000cc9c                gmtime_r@@GLIBC_2.4
                0x0000cca8                chdir@@GLIBC_2.4
                0x0000ccb4                poll@@GLIBC_2.4
                0x0000ccc0                getmntent@@GLIBC_2.4
                0x0000cccc                strnlen@@GLIBC_2.4
                0x0000ccd8                atan2@@GLIBC_2.4
                0x0000cce4                fputc@@GLIBC_2.4
                0x0000ccf0                setpgrp@@GLIBC_2.4
                0x0000ccfc                sched_getparam@@GLIBC_2.4
                0x0000cd08                strtok@@GLIBC_2.4
                0x0000cd14                getcwd@@GLIBC_2.4
                0x0000cd20                rmdir@@GLIBC_2.4
                0x0000cd2c                strtok_r@@GLIBC_2.4
                0x0000cd38                regexec@@GLIBC_2.4
                0x0000cd44                creat64@@GLIBC_2.4
                0x0000cd50                sleep@@GLIBC_2.4
                0x0000cd5c                send@@GLIBC_2.4
                0x0000cd68                strcat@@GLIBC_2.4
                0x0000cd74                memmove@@GLIBC_2.4
                0x0000cd80                fnmatch@@GLIBC_2.4
                0x0000cd8c                setmntent@@GLIBC_2.4
                0x0000cd98                sigfillset@@GLIBC_2.4
                0x0000cda4                pause@@GLIBC_2.4
                0x0000cdb0                popen@@GLIBC_2.4
                0x0000cdbc                ether_hostton@@GLIBC_2.4
                0x0000cdc8                endutent@@GLIBC_2.4
                0x0000cdd4                utmpname@@GLIBC_2.4
                0x0000cde0                dup2@@GLIBC_2.4
                0x0000cdec                puts@@GLIBC_2.4
                0x0000cdf8                log@@GLIBC_2.4
                0x0000ce04                strftime@@GLIBC_2.4
                0x0000ce10                tcsetattr@@GLIBC_2.4
                0x0000ce1c                ether_aton_r@@GLIBC_2.4
                0x0000ce34                getpid@@GLIBC_2.4
                0x0000ce40                closelog@@GLIBC_2.4
                0x0000ce4c                fcntl@@GLIBC_2.4
                0x0000ce58                dup@@GLIBC_2.4
                0x0000ce64                flock@@GLIBC_2.4
                0x0000ce70                readlink@@GLIBC_2.4
                0x0000ce7c                cfgetospeed@@GLIBC_2.4
                0x0000ce88                memrchr@@GLIBC_2.4
                0x0000ce94                fork@@GLIBC_2.4
                0x0000cea0                shmctl@@GLIBC_2.4
                0x0000ceac                sin@@GLIBC_2.4
                0x0000ceb8                recvmsg@@GLIBC_2.4
                0x0000cec4                rand@@GLIBC_2.4
                0x0000ced0                munmap@@GLIBC_2.4
                0x0000cedc                strspn@@GLIBC_2.4
                0x0000cee8                __lxstat64@@GLIBC_2.4
                0x0000cef4                delete_module@@GLIBC_2.4
                0x0000cf00                readdir64@@GLIBC_2.4
                0x0000cf0c                lchown@@GLIBC_2.4
                0x0000cf18                mlock@@GLIBC_2.4
                0x0000cf24                seteuid@@GLIBC_2.4
                0x0000cf30                malloc_trim@@GLIBC_2.4
                0x0000cf3c                personality@@GLIBC_2.4
                0x0000cf48                setutent@@GLIBC_2.4
                0x0000cf54                vfprintf@@GLIBC_2.4
                0x0000cf60                snprintf@@GLIBC_2.4
                0x0000cf6c                pivot_root@@GLIBC_2.4
                0x0000cf78                strcspn@@GLIBC_2.4
                0x0000cf84                fread@@GLIBC_2.4
                0x0000cf90                getusershell@@GLIBC_2.4
                0x0000cf9c                tcsendbreak@@GLIBC_2.4
                0x0000cfa8                times@@GLIBC_2.4
                0x0000cfb4                fchdir@@GLIBC_2.4
                0x0000cfc0                strncmp@@GLIBC_2.4
                0x0000cfcc                getservbyport@@GLIBC_2.4
                0x0000cfd8                gnu_dev_major@@GLIBC_2.4
                0x0000cfe4                putc_unlocked@@GLIBC_2.4
                0x0000cff0                gmtime@@GLIBC_2.4
                0x0000cffc                kill@@GLIBC_2.4
                0x0000d008                link@@GLIBC_2.4
                0x0000d014                setgid@@GLIBC_2.4
                0x0000d020                nanosleep@@GLIBC_2.4
                0x0000d02c                ferror@@GLIBC_2.4
                0x0000d038                getpeername@@GLIBC_2.4
                0x0000d044                utimes@@GLIBC_2.4
                0x0000d050                gethostbyname@@GLIBC_2.4
                0x0000d05c                realloc@@GLIBC_2.4
                0x0000d068                ftruncate64@@GLIBC_2.4
                0x0000d074                chown@@GLIBC_2.4
                0x0000d080                setrlimit64@@GLIBC_2.4
                0x0000d08c                getgroups@@GLIBC_2.4
                0x0000d098                recvfrom@@GLIBC_2.4
                0x0000d0a4                sysinfo@@GLIBC_2.4
                0x0000d0b0                getservbyname@@GLIBC_2.4
                0x0000d0bc                getsockopt@@GLIBC_2.4
                0x0000d0c8                pipe@@GLIBC_2.4
                0x0000d0d4                syscall@@GLIBC_2.4
                0x0000d0e0                setsockopt@@GLIBC_2.4
                0x0000d0ec                setresuid@@GLIBC_2.4
                0x0000d0f8                getsid@@GLIBC_2.4
                0x0000d104                if_indextoname@@GLIBC_2.4
                0x0000d110                strpbrk@@GLIBC_2.4
                0x0000d11c                sigsuspend@@GLIBC_2.4
                0x0000d128                memchr@@GLIBC_2.4
                0x0000d134                fchmod@@GLIBC_2.4
                0x0000d140                tcgetsid@@GLIBC_2.4
                0x0000d14c                setenv@@GLIBC_2.4
                0x0000d158                strcmp@@GLIBC_2.4
                0x0000d164                exit@@GLIBC_2.4
                0x0000d170                cfsetispeed@@GLIBC_2.4
                0x0000d17c                __errno_location@@GLIBC_2.4
                0x0000d188                gnu_dev_minor@@GLIBC_2.4
                0x0000d194                putchar_unlocked@@GLIBC_2.4
                0x0000d1a0                lutimes@@GLIBC_2.4
                0x0000d1ac                ttyname_r@@GLIBC_2.4
                0x0000d1b8                sprintf@@GLIBC_2.4
                0x0000d1c4                fscanf@@GLIBC_2.4
                0x0000d1d0                mkdtemp@@GLIBC_2.4
                0x0000d1dc                getgid@@GLIBC_2.4
                0x0000d1e8                getpagesize@@GLIBC_2.4
                0x0000d1f4                fputs@@GLIBC_2.4
                0x0000d200                semget@@GLIBC_2.4
                0x0000d20c                shmget@@GLIBC_2.4
 *(SORT(.iplt))

.text           0x0000d218    0xb5f90
 *(SORT(.text) SORT(.stub) SORT(.text.*) SORT(.gnu.linkonce.t.*))
 .text          0x0000d218       0x3c /usr/local/arm/arm-2009q3/bin/../arm-none-linux-gnueabi/libc/usr/lib/crt1.o
                0x0000d218                _start
 .text          0x0000d254       0x24 /usr/local/arm/arm-2009q3/bin/../arm-none-linux-gnueabi/libc/usr/lib/crti.o
 .text          0x0000d278       0x4c /usr/local/arm/arm-2009q3/bin/../lib/gcc/arm-none-linux-gnueabi/4.4.1/crtbegin.o
 .text.get_trimmed_slice
                0x0000d2c4       0x34 libbb/lib.a(appletlib.o)
 .text.applet_name_compare
                0x0000d2f8       0x28 libbb/lib.a(appletlib.o)
 .text.lbb_prepare
                0x0000d320       0x28 libbb/lib.a(appletlib.o)
                0x0000d320                lbb_prepare
 .text.find_applet_by_name
                0x0000d348       0x2c libbb/lib.a(appletlib.o)
                0x0000d348                find_applet_by_name
 .text.parse_config_file
                0x0000d374      0x300 libbb/lib.a(appletlib.o)
 .text.bb_show_usage
                0x0000d674       0xf4 libbb/lib.a(appletlib.o)
                0x0000d674                bb_show_usage
 .text.run_applet_no_and_exit
                0x0000d768      0x254 libbb/lib.a(appletlib.o)
                0x0000d768                run_applet_no_and_exit
 .text.run_applet_and_exit
                0x0000d9bc      0x38c libbb/lib.a(appletlib.o)
                0x0000d9bc                run_applet_and_exit
 .text.main     0x0000dd48       0x84 libbb/lib.a(appletlib.o)
                0x0000dd48                main
 .text.concat_path_file
                0x0000ddcc       0x64 libbb/lib.a(concat_path_file.o)
                0x0000ddcc                concat_path_file
 .text.bb_get_last_path_component_nostrip
                0x0000de30       0x38 libbb/lib.a(get_last_path_component.o)
                0x0000de30                bb_get_last_path_component_nostrip
 .text.bb_get_last_path_component_strip
                0x0000de68       0x50 libbb/lib.a(get_last_path_component.o)
                0x0000de68                bb_get_last_path_component_strip
 .text.bb_basename
                0x0000deb8       0x20 libbb/lib.a(get_last_path_component.o)
                0x0000deb8                bb_basename
 .text.last_char_is
                0x0000ded8       0x3c libbb/lib.a(last_char_is.o)
                0x0000ded8                last_char_is
 .text.llist_unlink
                0x0000df14       0x34 libbb/lib.a(llist.o)
                0x0000df14                llist_unlink
 .text.llist_find_str
                0x0000df48       0x38 libbb/lib.a(llist.o)
                0x0000df48                llist_find_str
 .text.llist_pop
                0x0000df80       0x30 libbb/lib.a(llist.o)
                0x0000df80                llist_pop
 .text.llist_free
                0x0000dfb0       0x34 libbb/lib.a(llist.o)
                0x0000dfb0                llist_free
 .text.llist_add_to_end
                0x0000dfe4       0x34 libbb/lib.a(llist.o)
                0x0000dfe4                llist_add_to_end
 .text.llist_add_to
                0x0000e018       0x28 libbb/lib.a(llist.o)
                0x0000e018                llist_add_to
 .text.bb_perror_msg
                0x0000e040       0x48 libbb/lib.a(perror_msg.o)
                0x0000e040                bb_perror_msg
 .text.bb_simple_perror_msg
                0x0000e088       0x10 libbb/lib.a(perror_msg.o)
                0x0000e088                bb_simple_perror_msg
 .text.bb_perror_msg_and_die
                0x0000e098       0x40 libbb/lib.a(perror_msg.o)
                0x0000e098                bb_perror_msg_and_die
 .text.bb_simple_perror_msg_and_die
                0x0000e0d8       0x10 libbb/lib.a(perror_msg.o)
                0x0000e0d8                bb_simple_perror_msg_and_die
 .text.skip_whitespace
                0x0000e0e8       0x20 libbb/lib.a(skip_whitespace.o)
                0x0000e0e8                skip_whitespace
 .text.skip_non_whitespace
                0x0000e108       0x28 libbb/lib.a(skip_whitespace.o)
                0x0000e108                skip_non_whitespace
 .text.skip_dev_pfx
                0x0000e130       0x28 libbb/lib.a(skip_whitespace.o)
                0x0000e130                skip_dev_pfx
 .text.bb_verror_msg
                0x0000e158      0x1c4 libbb/lib.a(verror_msg.o)
                0x0000e158                bb_verror_msg
 .text.bb_error_msg
                0x0000e31c       0x2c libbb/lib.a(verror_msg.o)
                0x0000e31c                bb_error_msg
 .text.bb_error_msg_and_die
                0x0000e348       0x24 libbb/lib.a(verror_msg.o)
                0x0000e348                bb_error_msg_and_die
 .text.xfdopen_helper
                0x0000e36c       0x38 libbb/lib.a(wfopen.o)
 .text.xfdopen_for_write
                0x0000e3a4        0xc libbb/lib.a(wfopen.o)
                0x0000e3a4                xfdopen_for_write
 .text.xfdopen_for_read
                0x0000e3b0        0x8 libbb/lib.a(wfopen.o)
                0x0000e3b0                xfdopen_for_read
 .text.xfopen_for_write
                0x0000e3b8        0xc libbb/lib.a(wfopen.o)
                0x0000e3b8                xfopen_for_write
 .text.xfopen_for_read
                0x0000e3c4        0xc libbb/lib.a(wfopen.o)
                0x0000e3c4                xfopen_for_read
 .text.fopen_for_write
                0x0000e3d0        0xc libbb/lib.a(wfopen.o)
                0x0000e3d0                fopen_for_write
 .text.fopen_for_read
                0x0000e3dc        0xc libbb/lib.a(wfopen.o)
                0x0000e3dc                fopen_for_read
 .text.fopen_or_warn
                0x0000e3e8       0x24 libbb/lib.a(wfopen.o)
                0x0000e3e8                fopen_or_warn
 .text.xfunc_die
                0x0000e40c       0x50 libbb/lib.a(xfunc_die.o)
                0x0000e40c                xfunc_die
 .text.utoa_to_buf
                0x0000e45c       0x98 libbb/lib.a(xfuncs.o)
                0x0000e45c                utoa_to_buf
 .text.itoa_to_buf
                0x0000e4f4       0x28 libbb/lib.a(xfuncs.o)
                0x0000e4f4                itoa_to_buf
 .text.utoa     0x0000e51c       0x28 libbb/lib.a(xfuncs.o)
                0x0000e51c                utoa
 .text.itoa     0x0000e544       0x28 libbb/lib.a(xfuncs.o)
                0x0000e544                itoa
 .text.bin2hex  0x0000e56c       0x58 libbb/lib.a(xfuncs.o)
                0x0000e56c                bin2hex
 .text.hex2bin  0x0000e5c4       0xec libbb/lib.a(xfuncs.o)
                0x0000e5c4                hex2bin
 .text.safe_waitpid
                0x0000e6b0       0x44 libbb/lib.a(xfuncs.o)
                0x0000e6b0                safe_waitpid
 .text.wait4pid
                0x0000e6f4       0x58 libbb/lib.a(xfuncs.o)
                0x0000e6f4                wait4pid
 .text.wait_any_nohang
                0x0000e74c       0x10 libbb/lib.a(xfuncs.o)
                0x0000e74c                wait_any_nohang
 .text.tcsetattr_stdin_TCSANOW
                0x0000e75c       0x10 libbb/lib.a(xfuncs.o)
                0x0000e75c                tcsetattr_stdin_TCSANOW
 .text.wh_helper
                0x0000e76c       0x50 libbb/lib.a(xfuncs.o)
 .text.get_terminal_width_height
                0x0000e7bc       0x9c libbb/lib.a(xfuncs.o)
                0x0000e7bc                get_terminal_width_height
 .text.full_write2_str
                0x0000e858       0x20 libbb/lib.a(xfuncs.o)
                0x0000e858                full_write2_str
 .text.full_write1_str
                0x0000e878       0x20 libbb/lib.a(xfuncs.o)
                0x0000e878                full_write1_str
 .text.bb_putchar_stderr
                0x0000e898       0x1c libbb/lib.a(xfuncs.o)
                0x0000e898                bb_putchar_stderr
 .text.strncpy_IFNAMSIZ
                0x0000e8b4        0x8 libbb/lib.a(xfuncs.o)
                0x0000e8b4                strncpy_IFNAMSIZ
 .text.close_on_exec_on
                0x0000e8bc        0xc libbb/lib.a(xfuncs.o)
                0x0000e8bc                close_on_exec_on
 .text.ndelay_off
                0x0000e8c8       0x30 libbb/lib.a(xfuncs.o)
                0x0000e8c8                ndelay_off
 .text.ndelay_on
                0x0000e8f8       0x30 libbb/lib.a(xfuncs.o)
                0x0000e8f8                ndelay_on
 .text.xfork    0x0000e928       0x1c libbb/lib.a(xfuncs_printf.o)
                0x0000e928                xfork
 .text.xopen3   0x0000e944       0x24 libbb/lib.a(xfuncs_printf.o)
                0x0000e944                xopen3
 .text.xopen    0x0000e968        0xc libbb/lib.a(xfuncs_printf.o)
                0x0000e968                xopen
 .text.xopen_nonblocking
                0x0000e974        0x8 libbb/lib.a(xfuncs_printf.o)
                0x0000e974                xopen_nonblocking
 .text.xclose   0x0000e97c       0x1c libbb/lib.a(xfuncs_printf.o)
                0x0000e97c                xclose
 .text.generate_uuid
                0x0000e998       0xa4 libbb/lib.a(xfuncs_printf.o)
                0x0000e998                generate_uuid
 .text.bb_xioctl
                0x0000ea3c       0x1c libbb/lib.a(xfuncs_printf.o)
                0x0000ea3c                bb_xioctl
 .text.bb_ioctl_or_warn
                0x0000ea58       0x24 libbb/lib.a(xfuncs_printf.o)
                0x0000ea58                bb_ioctl_or_warn
 .text.ioctl_or_perror
                0x0000ea7c       0x50 libbb/lib.a(xfuncs_printf.o)
                0x0000ea7c                ioctl_or_perror
 .text.ioctl_or_perror_and_die
                0x0000eacc       0x50 libbb/lib.a(xfuncs_printf.o)
                0x0000eacc                ioctl_or_perror_and_die
 .text.xfstat   0x0000eb1c       0x1c libbb/lib.a(xfuncs_printf.o)
                0x0000eb1c                xfstat
 .text.xstat    0x0000eb38       0x24 libbb/lib.a(xfuncs_printf.o)
                0x0000eb38                xstat
 .text.xsendto  0x0000eb5c       0x30 libbb/lib.a(xfuncs_printf.o)
                0x0000eb5c                xsendto
 .text.xlisten  0x0000eb8c       0x1c libbb/lib.a(xfuncs_printf.o)
                0x0000eb8c                xlisten
 .text.xbind    0x0000eba8       0x1c libbb/lib.a(xfuncs_printf.o)
                0x0000eba8                xbind
 .text.xsocket  0x0000ebc4       0x1c libbb/lib.a(xfuncs_printf.o)
                0x0000ebc4                xsocket
 .text.xopendir
                0x0000ebe0       0x24 libbb/lib.a(xfuncs_printf.o)
                0x0000ebe0                xopendir
 .text.warn_opendir
                0x0000ec04       0x2c libbb/lib.a(xfuncs_printf.o)
                0x0000ec04                warn_opendir
 .text.open3_or_warn
                0x0000ec30       0x2c libbb/lib.a(xfuncs_printf.o)
                0x0000ec30                open3_or_warn
 .text.open_or_warn
                0x0000ec5c        0xc libbb/lib.a(xfuncs_printf.o)
                0x0000ec5c                open_or_warn
 .text.xchdir   0x0000ec68       0x24 libbb/lib.a(xfuncs_printf.o)
                0x0000ec68                xchdir
 .text.xchroot  0x0000ec8c       0x34 libbb/lib.a(xfuncs_printf.o)
                0x0000ec8c                xchroot
 .text.xseteuid
                0x0000ecc0       0x1c libbb/lib.a(xfuncs_printf.o)
                0x0000ecc0                xseteuid
 .text.xsetegid
                0x0000ecdc       0x1c libbb/lib.a(xfuncs_printf.o)
                0x0000ecdc                xsetegid
 .text.xsetuid  0x0000ecf8       0x1c libbb/lib.a(xfuncs_printf.o)
                0x0000ecf8                xsetuid
 .text.xsetgid  0x0000ed14       0x1c libbb/lib.a(xfuncs_printf.o)
                0x0000ed14                xsetgid
 .text.xsetenv  0x0000ed30       0x20 libbb/lib.a(xfuncs_printf.o)
                0x0000ed30                xsetenv
 .text.xasprintf
                0x0000ed50       0x44 libbb/lib.a(xfuncs_printf.o)
                0x0000ed50                xasprintf
 .text.bb_putchar
                0x0000ed94        0x4 libbb/lib.a(xfuncs_printf.o)
                0x0000ed94                bb_putchar
 .text.fflush_all
                0x0000ed98        0x8 libbb/lib.a(xfuncs_printf.o)
                0x0000ed98                fflush_all
 .text.xprint_and_close_file
                0x0000eda0       0x3c libbb/lib.a(xfuncs_printf.o)
                0x0000eda0                xprint_and_close_file
 .text.die_if_ferror
                0x0000eddc       0x24 libbb/lib.a(xfuncs_printf.o)
                0x0000eddc                die_if_ferror
 .text.die_if_ferror_stdout
                0x0000ee00       0x18 libbb/lib.a(xfuncs_printf.o)
                0x0000ee00                die_if_ferror_stdout
 .text.xmkstemp
                0x0000ee18       0x24 libbb/lib.a(xfuncs_printf.o)
                0x0000ee18                xmkstemp
 .text.xlseek   0x0000ee3c       0x54 libbb/lib.a(xfuncs_printf.o)
                0x0000ee3c                xlseek
 .text.xwrite   0x0000ee90       0x24 libbb/lib.a(xfuncs_printf.o)
                0x0000ee90                xwrite
 .text.xwrite_str
                0x0000eeb4       0x28 libbb/lib.a(xfuncs_printf.o)
                0x0000eeb4                xwrite_str
 .text.xdup2    0x0000eedc       0x20 libbb/lib.a(xfuncs_printf.o)
                0x0000eedc                xdup2
 .text.xmove_fd
                0x0000eefc       0x20 libbb/lib.a(xfuncs_printf.o)
                0x0000eefc                xmove_fd
 .text.xpipe    0x0000ef1c       0x1c libbb/lib.a(xfuncs_printf.o)
                0x0000ef1c                xpipe
 .text.rename_or_warn
                0x0000ef38       0x34 libbb/lib.a(xfuncs_printf.o)
                0x0000ef38                rename_or_warn
 .text.xrename  0x0000ef6c       0x2c libbb/lib.a(xfuncs_printf.o)
                0x0000ef6c                xrename
 .text.xunlink  0x0000ef98       0x24 libbb/lib.a(xfuncs_printf.o)
                0x0000ef98                xunlink
 .text.xopen_as_uid_gid
                0x0000efbc       0x5c libbb/lib.a(xfuncs_printf.o)
                0x0000efbc                xopen_as_uid_gid
 .text.xfopen   0x0000f018       0x24 libbb/lib.a(xfuncs_printf.o)
                0x0000f018                xfopen
 .text.xstrdup  0x0000f03c       0x2c libbb/lib.a(xfuncs_printf.o)
                0x0000f03c                xstrdup
 .text.xmalloc_ttyname
                0x0000f068       0x34 libbb/lib.a(xfuncs_printf.o)
                0x0000f068                xmalloc_ttyname
 .text.xrealloc
                0x0000f09c       0x34 libbb/lib.a(xfuncs_printf.o)
                0x0000f09c                xrealloc
 .text.xmalloc  0x0000f0d0       0x30 libbb/lib.a(xfuncs_printf.o)
                0x0000f0d0                xmalloc
 .text.xstrndup
                0x0000f100       0x54 libbb/lib.a(xfuncs_printf.o)
                0x0000f100                xstrndup
 .text.bb_unsetenv
                0x0000f154       0x44 libbb/lib.a(xfuncs_printf.o)
                0x0000f154                bb_unsetenv
 .text.bb_unsetenv_and_free
                0x0000f198       0x18 libbb/lib.a(xfuncs_printf.o)
                0x0000f198                bb_unsetenv_and_free
 .text.xzalloc  0x0000f1b0       0x24 libbb/lib.a(xfuncs_printf.o)
                0x0000f1b0                xzalloc
 .text.malloc_or_warn
                0x0000f1d4       0x40 libbb/lib.a(xfuncs_printf.o)
                0x0000f1d4                malloc_or_warn
 .text.xmalloc_realpath
                0x0000f214        0x8 libbb/lib.a(xreadlink.o)
                0x0000f214                xmalloc_realpath
 .text.xmalloc_readlink
                0x0000f21c       0x64 libbb/lib.a(xreadlink.o)
                0x0000f21c                xmalloc_readlink
 .text.xmalloc_readlink_or_warn
                0x0000f280       0x54 libbb/lib.a(xreadlink.o)
                0x0000f280                xmalloc_readlink_or_warn
 .text.xmalloc_follow_symlinks
                0x0000f2d4       0xc0 libbb/lib.a(xreadlink.o)
                0x0000f2d4                xmalloc_follow_symlinks
 .text.bb_full_fd_action
                0x0000f394      0x128 libbb/lib.a(copyfd.o)
 .text.bb_copyfd_eof
                0x0000f4bc        0xc libbb/lib.a(copyfd.o)
                0x0000f4bc                bb_copyfd_eof
 .text.bb_copyfd_size
                0x0000f4c8       0x18 libbb/lib.a(copyfd.o)
                0x0000f4c8                bb_copyfd_size
 .text.bb_copyfd_exact_size
                0x0000f4e0       0x58 libbb/lib.a(copyfd.o)
                0x0000f4e0                bb_copyfd_exact_size
 .text.full_write
                0x0000f538       0x58 libbb/lib.a(full_write.o)
                0x0000f538                full_write
 .text.safe_read
                0x0000f590       0x44 libbb/lib.a(read.o)
                0x0000f590                safe_read
 .text.full_read
                0x0000f5d4       0x5c libbb/lib.a(read.o)
                0x0000f5d4                full_read
 .text.read_close
                0x0000f630       0x20 libbb/lib.a(read.o)
                0x0000f630                read_close
 .text.open_read_close
                0x0000f650       0x2c libbb/lib.a(read.o)
                0x0000f650                open_read_close
 .text.safe_write
                0x0000f67c       0x44 libbb/lib.a(safe_write.o)
                0x0000f67c                safe_write
 .text.monotonic_sec
                0x0000f6c0        0x8 libbb/lib.a(time.o)
                0x0000f6c0                monotonic_sec
 .text.monotonic_ms
                0x0000f6c8       0x40 libbb/lib.a(time.o)
                0x0000f6c8                monotonic_ms
 .text.monotonic_us
                0x0000f708       0x34 libbb/lib.a(time.o)
                0x0000f708                monotonic_us
 .text.strftime_fmt
                0x0000f73c       0x4c libbb/lib.a(time.o)
 .text.strftime_YYYYMMDDHHMMSS
                0x0000f788        0xc libbb/lib.a(time.o)
                0x0000f788                strftime_YYYYMMDDHHMMSS
 .text.strftime_HHMMSS
                0x0000f794        0xc libbb/lib.a(time.o)
                0x0000f794                strftime_HHMMSS
 .text.validate_tm_time
                0x0000f7a0       0x28 libbb/lib.a(time.o)
                0x0000f7a0                validate_tm_time
 .text.parse_datestr
                0x0000f7c8      0x478 libbb/lib.a(time.o)
                0x0000f7c8                parse_datestr
 .text.ret_ERANGE
                0x0000fc40       0x20 libbb/lib.a(bb_strtonum.o)
 .text.handle_errors
                0x0000fc60       0x54 libbb/lib.a(bb_strtonum.o)
 .text.bb_strtol
                0x0000fcb4       0x70 libbb/lib.a(bb_strtonum.o)
                0x0000fcb4                bb_strtol
 .text.bb_strtoul
                0x0000fd24       0x64 libbb/lib.a(bb_strtonum.o)
                0x0000fd24                bb_strtoul
 .text.bb_strtoll
                0x0000fd88       0x6c libbb/lib.a(bb_strtonum.o)
                0x0000fd88                bb_strtoll
 .text.bb_strtoull
                0x0000fdf4       0x60 libbb/lib.a(bb_strtonum.o)
                0x0000fdf4                bb_strtoull
 .text.bb_internal_endgrent
                0x0000fe54       0x28 libpwdgrp/lib.a(pwd_grp.o)
                0x0000fe54                bb_internal_endgrent
 .text.bb__pgsreader
                0x0000fe7c      0x100 libpwdgrp/lib.a(pwd_grp.o)
 .text.getgrouplist_internal
                0x0000ff7c       0xdc libpwdgrp/lib.a(pwd_grp.o)
 .text.bb_internal_getgrouplist
                0x00010058       0x58 libpwdgrp/lib.a(pwd_grp.o)
                0x00010058                bb_internal_getgrouplist
 .text.bb_internal_getgrgid_r
                0x000100b0       0x94 libpwdgrp/lib.a(pwd_grp.o)
                0x000100b0                bb_internal_getgrgid_r
 .text.bb_internal_getpwuid_r
                0x00010144       0x94 libpwdgrp/lib.a(pwd_grp.o)
                0x00010144                bb_internal_getpwuid_r
 .text.bb_internal_getspnam_r
                0x000101d8       0x9c libpwdgrp/lib.a(pwd_grp.o)
                0x000101d8                bb_internal_getspnam_r
 .text.bb_internal_getgrnam_r
                0x00010274       0x9c libpwdgrp/lib.a(pwd_grp.o)
                0x00010274                bb_internal_getgrnam_r
 .text.bb_internal_getpwnam_r
                0x00010310       0x9c libpwdgrp/lib.a(pwd_grp.o)
                0x00010310                bb_internal_getpwnam_r
 .text.bb__parsegrent
                0x000103ac      0x154 libpwdgrp/lib.a(pwd_grp.o)
 .text.bb__parsepwent
                0x00010500       0x9c libpwdgrp/lib.a(pwd_grp.o)
 .text.bb__parsespent
                0x0001059c       0x9c libpwdgrp/lib.a(pwd_grp.o)
 .text.bb_internal_initgroups
                0x00010638       0x38 libpwdgrp/lib.a(pwd_grp.o)
                0x00010638                bb_internal_initgroups
 .text.bb_internal_getpwent_r
                0x00010670       0x90 libpwdgrp/lib.a(pwd_grp.o)
                0x00010670                bb_internal_getpwent_r
 .text.get_S    0x00010700       0x30 libpwdgrp/lib.a(pwd_grp.o)
 .text.bb_internal_getgrnam
                0x00010730       0x38 libpwdgrp/lib.a(pwd_grp.o)
                0x00010730                bb_internal_getgrnam
 .text.bb_internal_getpwnam
                0x00010768       0x34 libpwdgrp/lib.a(pwd_grp.o)
                0x00010768                bb_internal_getpwnam
 .text.bb_internal_getgrgid
                0x0001079c       0x38 libpwdgrp/lib.a(pwd_grp.o)
                0x0001079c                bb_internal_getgrgid
 .text.bb_internal_getpwuid
                0x000107d4       0x34 libpwdgrp/lib.a(pwd_grp.o)
                0x000107d4                bb_internal_getpwuid
 .text.get_uidgid
                0x00010808      0x120 libpwdgrp/lib.a(uidgid_get.o)
                0x00010808                get_uidgid
 .text.xget_uidgid
                0x00010928       0x28 libpwdgrp/lib.a(uidgid_get.o)
                0x00010928                xget_uidgid
 .text.parse_chown_usergroup_or_die
                0x00010950       0x98 libpwdgrp/lib.a(uidgid_get.o)
                0x00010950                parse_chown_usergroup_or_die
 .text.add_remove_shell_main
                0x000109e8      0x140 loginutils/lib.a(add-remove-shell.o)
                0x000109e8                add_remove_shell_main
 .text.addgroup_main
                0x00010b28      0x224 loginutils/lib.a(addgroup.o)
                0x00010b28                addgroup_main
 .text.addgroup_wrapper
                0x00010d4c       0x7c loginutils/lib.a(adduser.o)
 .text.adduser_main
                0x00010dc8      0x418 loginutils/lib.a(adduser.o)
                0x00010dc8                adduser_main
 .text.chpasswd_main
                0x000111e0      0x1a0 loginutils/lib.a(chpasswd.o)
                0x000111e0                chpasswd_main
 .text.cryptpw_main
                0x00011380      0x13c loginutils/lib.a(cryptpw.o)
                0x00011380                cryptpw_main
 .text.deluser_main
                0x000114bc      0x178 loginutils/lib.a(deluser.o)
                0x000114bc                deluser_main
 .text.bcode    0x00011634       0x20 loginutils/lib.a(getty.o)
 .text.set_tty_attrs
                0x00011654       0x2c loginutils/lib.a(getty.o)
 .text.finalize_tty_attrs
                0x00011680       0x88 loginutils/lib.a(getty.o)
 .text.getty_main
                0x00011708      0x850 loginutils/lib.a(getty.o)
                0x00011708                getty_main
 .text.alarm_handler
                0x00011f58       0x10 loginutils/lib.a(getty.o)
 .text.alarm_handler
                0x00011f68       0x3c loginutils/lib.a(login.o)
 .text.login_main
                0x00011fa4      0x568 loginutils/lib.a(login.o)
                0x00011fa4                login_main
 .text.passwd_main
                0x0001250c      0x46c loginutils/lib.a(passwd.o)
                0x0001250c                passwd_main
 .text.su_main  0x00012978      0x23c loginutils/lib.a(su.o)
                0x00012978                su_main
 .text.sulogin_main
                0x00012bb4      0x1a4 loginutils/lib.a(sulogin.o)
                0x00012bb4                sulogin_main
 .text.acquire_vt
                0x00012d58       0x14 loginutils/lib.a(vlock.o)
 .text.release_vt
                0x00012d6c       0x28 loginutils/lib.a(vlock.o)
 .text.vlock_main
                0x00012d94      0x1d0 loginutils/lib.a(vlock.o)
                0x00012d94                vlock_main
 .text.makemime_main
                0x00012f64      0x1c0 mailutils/lib.a(makemime.o)
                0x00012f64                makemime_main
 .text.pop3_checkr
                0x00013124       0xa4 mailutils/lib.a(popmaildir.o)
 .text.pop3_check
                0x000131c8        0x8 mailutils/lib.a(popmaildir.o)
 .text.popmaildir_main
                0x000131d0      0x3f0 mailutils/lib.a(popmaildir.o)
                0x000131d0                popmaildir_main
 .text.find_token
                0x000135c0       0x50 mailutils/lib.a(reformime.o)
 .text.parse    0x00013610      0x47c mailutils/lib.a(reformime.o)
 .text.reformime_main
                0x00013a8c       0xb4 mailutils/lib.a(reformime.o)
                0x00013a8c                reformime_main
 .text.smtp_checkp
                0x00013b40       0xdc mailutils/lib.a(sendmail.o)
 .text.rcptto   0x00013c1c       0x44 mailutils/lib.a(sendmail.o)
 .text.smtp_check
                0x00013c60        0xc mailutils/lib.a(sendmail.o)
 .text.sane_address
                0x00013c6c       0x74 mailutils/lib.a(sendmail.o)
 .text.angle_address
                0x00013ce0       0x48 mailutils/lib.a(sendmail.o)
 .text.rcptto_list
                0x00013d28       0x98 mailutils/lib.a(sendmail.o)
 .text.send_r_n
                0x00013dc0       0x44 mailutils/lib.a(sendmail.o)
 .text.sendmail_main
                0x00013e04      0x518 mailutils/lib.a(sendmail.o)
                0x00013e04                sendmail_main
 .text.get_cred_or_die
                0x0001431c       0xb4 mailutils/lib.a(mail.o)
                0x0001431c                get_cred_or_die
 .text.encode_base64
                0x000143d0      0x134 mailutils/lib.a(mail.o)
                0x000143d0                encode_base64
 .text.send_mail_command
                0x00014504       0x78 mailutils/lib.a(mail.o)
                0x00014504                send_mail_command
 .text.launch_helper
                0x0001457c      0x100 mailutils/lib.a(mail.o)
                0x0001457c                launch_helper
 .text.kill_helper
                0x0001467c       0x30 mailutils/lib.a(mail.o)
 .text.signal_handler
                0x000146ac       0x94 mailutils/lib.a(mail.o)
 .text.adjtimex_main
                0x00014740      0x1f8 miscutils/lib.a(adjtimex.o)
                0x00014740                adjtimex_main
 .text.beep_main
                0x00014938      0x164 miscutils/lib.a(beep.o)
                0x00014938                beep_main
 .text.signal_handler
                0x00014a9c       0x14 miscutils/lib.a(chat.o)
 .text.unescape
                0x00014ab0       0xcc miscutils/lib.a(chat.o)
 .text.chat_main
                0x00014b7c      0x5c8 miscutils/lib.a(chat.o)
                0x00014b7c                chat_main
 .text.show_min_max
                0x00015144       0x50 miscutils/lib.a(chrt.o)
 .text.chrt_main
                0x00015194      0x1c4 miscutils/lib.a(chrt.o)
                0x00015194                chrt_main
 .text.create_cdev_if_doesnt_exist
                0x00015358       0x5c miscutils/lib.a(conspy.o)
 .text.start_shell_in_child
                0x000153b4       0xfc miscutils/lib.a(conspy.o)
 .text.putcsi   0x000154b0       0x30 miscutils/lib.a(conspy.o)
 .text.set_cursor
                0x000154e0       0x48 miscutils/lib.a(conspy.o)
 .text.gotoxy   0x00015528       0x40 miscutils/lib.a(conspy.o)
 .text.screen_char
                0x00015568      0x164 miscutils/lib.a(conspy.o)
 .text.screen_dump
                0x000156cc       0xec miscutils/lib.a(conspy.o)
 .text.cleanup  0x000157b8       0x68 miscutils/lib.a(conspy.o)
 .text.screen_read_close
                0x00015820      0x134 miscutils/lib.a(conspy.o)
 .text.conspy_main
                0x00015954      0x64c miscutils/lib.a(conspy.o)
                0x00015954                conspy_main
 .text.delete_cronfile
                0x00015fa0       0xb4 miscutils/lib.a(crond.o)
 .text.crondlog
                0x00016054       0xe8 miscutils/lib.a(crond.o)
 .text.ParseField
                0x0001613c      0x230 miscutils/lib.a(crond.o)
 .text.load_crontab
                0x0001636c      0x2f8 miscutils/lib.a(crond.o)
 .text.rescan_crontab_dir
                0x00016664       0xc4 miscutils/lib.a(crond.o)
 .text.fork_job
                0x00016728      0x1c0 miscutils/lib.a(crond.o)
 .text.crond_main
                0x000168e8      0x6b0 miscutils/lib.a(crond.o)
                0x000168e8                crond_main
 .text.edit_file
                0x00016f98       0x98 miscutils/lib.a(crontab.o)
 .text.crontab_main
                0x00017030      0x2bc miscutils/lib.a(crontab.o)
                0x00017030                crontab_main
 .text.pop      0x000172ec       0x38 miscutils/lib.a(dc.o)
 .text.push     0x00017324       0x48 miscutils/lib.a(dc.o)
 .text.eor      0x0001736c       0x40 miscutils/lib.a(dc.o)
 .text.not      0x000173ac       0x20 miscutils/lib.a(dc.o)
 .text.or       0x000173cc       0x40 miscutils/lib.a(dc.o)
 .text.and      0x0001740c       0x40 miscutils/lib.a(dc.o)
 .text.mod      0x0001744c       0x54 miscutils/lib.a(dc.o)
 .text.divide   0x000174a0       0x28 miscutils/lib.a(dc.o)
 .text.mul      0x000174c8       0x30 miscutils/lib.a(dc.o)
 .text.sub      0x000174f8       0x28 miscutils/lib.a(dc.o)
 .text.add      0x00017520       0x30 miscutils/lib.a(dc.o)
 .text.stack_machine
                0x00017550       0x84 miscutils/lib.a(dc.o)
 .text.dc_main  0x000175d4       0xac miscutils/lib.a(dc.o)
                0x000175d4                dc_main
 .text.set_output_base
                0x00017680       0x54 miscutils/lib.a(dc.o)
 .text.print_base
                0x000176d4      0x10c miscutils/lib.a(dc.o)
 .text.print_stack_no_pop
                0x000177e0       0x34 miscutils/lib.a(dc.o)
 .text.print_no_pop
                0x00017814       0x18 miscutils/lib.a(dc.o)
 .text.power    0x0001782c       0x28 miscutils/lib.a(dc.o)
 .text.devmem_main
                0x00017854      0x248 miscutils/lib.a(devmem.o)
                0x00017854                devmem_main
 .text.eject_main
                0x00017a9c      0x1b4 miscutils/lib.a(eject.o)
                0x00017a9c                eject_main
 .text.fb_pixel_value
                0x00017c50       0x7c miscutils/lib.a(fbsplash.o)
 .text.fb_write_pixel
                0x00017ccc       0x44 miscutils/lib.a(fbsplash.o)
 .text.fb_drawfullrectangle
                0x00017d10       0x80 miscutils/lib.a(fbsplash.o)
 .text.fb_drawprogressbar
                0x00017d90      0x210 miscutils/lib.a(fbsplash.o)
 .text.fb_setpal
                0x00017fa0       0xb0 miscutils/lib.a(fbsplash.o)
 .text.fbsplash_main
                0x00018050      0x4c8 miscutils/lib.a(fbsplash.o)
                0x00018050                fbsplash_main
 .text.parse_opts
                0x00018518       0x34 miscutils/lib.a(hdparm.o)
 .text.parse_opts_0_1
                0x0001854c        0xc miscutils/lib.a(hdparm.o)
 .text.parse_opts_0_max
                0x00018558        0xc miscutils/lib.a(hdparm.o)
 .text.parse_opts_0_INTMAX
                0x00018564        0xc miscutils/lib.a(hdparm.o)
 .text.parse_xfermode
                0x00018570       0xbc miscutils/lib.a(hdparm.o)
 .text.read_big_block
                0x0001862c       0x38 miscutils/lib.a(hdparm.o)
 .text.xprint_ascii
                0x00018664       0x90 miscutils/lib.a(hdparm.o)
 .text.mode_loop
                0x000186f4       0x88 miscutils/lib.a(hdparm.o)
 .text.print_flag
                0x0001877c       0x14 miscutils/lib.a(hdparm.o)
 .text.on_off   0x00018790       0x20 miscutils/lib.a(hdparm.o)
 .text.print_flag_on_off
                0x000187b0       0x28 miscutils/lib.a(hdparm.o)
 .text.print_value_on_off
                0x000187d8       0x2c miscutils/lib.a(hdparm.o)
 .text.bus_state_value
                0x00018804       0x38 miscutils/lib.a(hdparm.o)
 .text.identify
                0x0001883c     0x1260 miscutils/lib.a(hdparm.o)
 .text.identify_from_stdin
                0x00019a9c       0xb4 miscutils/lib.a(hdparm.o)
 .text.dump_identity
                0x00019b50      0x4ac miscutils/lib.a(hdparm.o)
 .text.seek_to_zero
                0x00019ffc       0x20 miscutils/lib.a(hdparm.o)
 .text.flush_buffer_cache
                0x0001a01c       0x74 miscutils/lib.a(hdparm.o)
 .text.do_time  0x0001a090      0x1f4 miscutils/lib.a(hdparm.o)
 .text.T.79     0x0001a284       0x48 miscutils/lib.a(hdparm.o)
 .text.process_dev
                0x0001a2cc      0xe4c miscutils/lib.a(hdparm.o)
 .text.hdparm_main
                0x0001b118      0x438 miscutils/lib.a(hdparm.o)
                0x0001b118                hdparm_main
 .text.ionice_main
                0x0001b550      0x17c miscutils/lib.a(ionice.o)
                0x0001b550                ionice_main
 .text.show_entry
                0x0001b6cc      0x194 miscutils/lib.a(last_fancy.o)
 .text.last_main
                0x0001b860      0x388 miscutils/lib.a(last_fancy.o)
                0x0001b860                last_main
 .text.opp_bracket
                0x0001bbe8       0x64 miscutils/lib.a(less.o)
 .text.sigwinch_handler
                0x0001bc4c       0x1c miscutils/lib.a(less.o)
 .text.clear_line
                0x0001bc68       0x20 miscutils/lib.a(less.o)
 .text.print_statusline
                0x0001bc88       0x34 miscutils/lib.a(less.o)
 .text.move_cursor
                0x0001bcbc       0x14 miscutils/lib.a(less.o)
 .text.print_hilite
                0x0001bcd0       0x10 miscutils/lib.a(less.o)
 .text.m_status_print
                0x0001bce0       0xfc miscutils/lib.a(less.o)
 .text.fill_match_lines
                0x0001bddc       0xac miscutils/lib.a(less.o)
 .text.read_lines
                0x0001be88      0x3c4 miscutils/lib.a(less.o)
 .text.re_wrap  0x0001c24c      0x1b4 miscutils/lib.a(less.o)
 .text.lineno_str
                0x0001c400       0x98 miscutils/lib.a(less.o)
 .text.print_found
                0x0001c498      0x1a8 miscutils/lib.a(less.o)
 .text.print_ascii
                0x0001c640      0x124 miscutils/lib.a(less.o)
 .text.status_print
                0x0001c764       0xa0 miscutils/lib.a(less.o)
 .text.buffer_print
                0x0001c804       0x68 miscutils/lib.a(less.o)
 .text.buffer_fill_and_print
                0x0001c86c      0x108 miscutils/lib.a(less.o)
 .text.reinitialize
                0x0001c974       0xd4 miscutils/lib.a(less.o)
 .text.change_file
                0x0001ca48       0x80 miscutils/lib.a(less.o)
 .text.buffer_down
                0x0001cac8       0x90 miscutils/lib.a(less.o)
 .text.buffer_up
                0x0001cb58       0x34 miscutils/lib.a(less.o)
 .text.buffer_line
                0x0001cb8c       0x44 miscutils/lib.a(less.o)
 .text.goto_match
                0x0001cbd0       0x7c miscutils/lib.a(less.o)
 .text.set_tty_cooked
                0x0001cc4c       0x28 miscutils/lib.a(less.o)
 .text.less_exit
                0x0001cc74       0x28 miscutils/lib.a(less.o)
 .text.getch_nowait
                0x0001cc9c      0x188 miscutils/lib.a(less.o)
 .text.less_getch
                0x0001ce24       0x4c miscutils/lib.a(less.o)
 .text.less_gets
                0x0001ce70       0xc8 miscutils/lib.a(less.o)
 .text.sig_catcher
                0x0001cf38        0x8 miscutils/lib.a(less.o)
 .text.examine_file
                0x0001cf40       0x8c miscutils/lib.a(less.o)
 .text.regex_process
                0x0001cfcc      0x128 miscutils/lib.a(less.o)
 .text.less_main
                0x0001d0f4      0xc18 miscutils/lib.a(less.o)
                0x0001d0f4                less_main
 .text.makedevs_main
                0x0001dd0c      0x42c miscutils/lib.a(makedevs.o)
                0x0001dd0c                makedevs_main
 .text.run_pipe
                0x0001e138      0x1ac miscutils/lib.a(man.o)
 .text.show_manpage
                0x0001e2e4       0xf4 miscutils/lib.a(man.o)
 .text.man_main
                0x0001e3d8      0x398 miscutils/lib.a(man.o)
                0x0001e3d8                man_main
 .text.xget1    0x0001e770       0x44 miscutils/lib.a(microcom.o)
 .text.xset1    0x0001e7b4       0x34 miscutils/lib.a(microcom.o)
 .text.microcom_main
                0x0001e7e8      0x314 miscutils/lib.a(microcom.o)
                0x0001e7e8                microcom_main
 .text.mountpoint_main
                0x0001eafc      0x228 miscutils/lib.a(mountpoint.o)
                0x0001eafc                mountpoint_main
 .text.mt_main  0x0001ed24      0x138 miscutils/lib.a(mt.o)
                0x0001ed24                mt_main
 .text.next_good_eraseblock
                0x0001ee5c       0xa4 miscutils/lib.a(nandwrite.o)
 .text.dump_bad
                0x0001ef00       0x88 miscutils/lib.a(nandwrite.o)
 .text.nandwrite_main
                0x0001ef88      0x454 miscutils/lib.a(nandwrite.o)
                0x0001ef88                nandwrite_main
 .text.raidautorun_main
                0x0001f3dc       0x34 miscutils/lib.a(raidautorun.o)
                0x0001f3dc                raidautorun_main
 .text.readahead_main
                0x0001f410       0x9c miscutils/lib.a(readahead.o)
                0x0001f410                readahead_main
 .text.runlevel_main
                0x0001f4ac       0x98 miscutils/lib.a(runlevel.o)
                0x0001f4ac                runlevel_main
 .text.sigalrm_handler
                0x0001f544        0x4 miscutils/lib.a(rx.o)
 .text.read_byte
                0x0001f548       0x34 miscutils/lib.a(rx.o)
 .text.rx_main  0x0001f57c      0x428 miscutils/lib.a(rx.o)
                0x0001f57c                rx_main
 .text.serial_open
                0x0001f9a4       0x38 miscutils/lib.a(setserial.o)
 .text.index_in_strings_case_insensitive
                0x0001f9dc       0x54 miscutils/lib.a(setserial.o)
 .text.get_numeric
                0x0001fa30        0xc miscutils/lib.a(setserial.o)
 .text.serial_ctl
                0x0001fa3c       0xb8 miscutils/lib.a(setserial.o)
 .text.print_flag
                0x0001faf4       0x2c miscutils/lib.a(setserial.o)
 .text.setserial_main
                0x0001fb20      0x59c miscutils/lib.a(setserial.o)
                0x0001fb20                setserial_main
 .text.setsid_main
                0x000200bc       0x44 miscutils/lib.a(setsid.o)
                0x000200bc                setsid_main
 .text.strings_main
                0x00020100      0x1a4 miscutils/lib.a(strings.o)
                0x00020100                strings_main
 .text.ptok     0x000202a4       0x30 miscutils/lib.a(time.o)
 .text.run_command
                0x000202d4       0xe0 miscutils/lib.a(time.o)
 .text.time_main
                0x000203b4      0x5f8 miscutils/lib.a(time.o)
                0x000203b4                time_main
 .text.timeout_main
                0x000209ac      0x160 miscutils/lib.a(timeout.o)
                0x000209ac                timeout_main
 .text.ttysize_main
                0x00020b0c       0xa0 miscutils/lib.a(ttysize.o)
                0x00020b0c                ttysize_main
 .text.get_num_from_file
                0x00020bac       0x84 miscutils/lib.a(ubi_tools.o)
 .text.ubi_tools_main
                0x00020c30      0x4e0 miscutils/lib.a(ubi_tools.o)
                0x00020c30                ubi_tools_main
 .text.volname_main
                0x00021110       0x80 miscutils/lib.a(volname.o)
                0x00021110                volname_main
 .text.wall_main
                0x00021190       0x88 miscutils/lib.a(wall.o)
                0x00021190                wall_main
 .text.watchdog_main
                0x00021218      0x144 miscutils/lib.a(watchdog.o)
                0x00021218                watchdog_main
 .text.watchdog_shutdown
                0x0002135c       0x40 miscutils/lib.a(watchdog.o)
 .text.display  0x0002139c       0x64 modutils/lib.a(modinfo.o)
 .text.modinfo  0x00021400      0x174 modutils/lib.a(modinfo.o)
 .text.modinfo_main
                0x00021574      0x16c modutils/lib.a(modinfo.o)
                0x00021574                modinfo_main
 .text.reset_stringbuf
                0x000216e0       0x18 modutils/lib.a(modprobe-small.o)
 .text.replace  0x000216f8       0x24 modutils/lib.a(modprobe-small.o)
 .text.load_module
                0x0002171c       0x58 modutils/lib.a(modprobe-small.o)
 .text.moderror
                0x00021774       0x4c modutils/lib.a(modprobe-small.o)
 .text.load_dep_bb
                0x000217c0      0x144 modutils/lib.a(modprobe-small.o)
 .text.pathname_matches_modname
                0x00021904       0x5c modutils/lib.a(modprobe-small.o)
 .text.find_keyword
                0x00021960       0x80 modutils/lib.a(modprobe-small.o)
 .text.append   0x000219e0       0x70 modutils/lib.a(modprobe-small.o)
 .text.copy_stringbuf
                0x00021a50       0x2c modutils/lib.a(modprobe-small.o)
 .text.str_2_list
                0x00021a7c       0x48 modutils/lib.a(modprobe-small.o)
 .text.parse_module
                0x00021ac4      0x16c modutils/lib.a(modprobe-small.o)
 .text.find_alias
                0x00021c30      0x2ec modutils/lib.a(modprobe-small.o)
 .text.process_module
                0x00021f1c      0x2e4 modutils/lib.a(modprobe-small.o)
 .text.modprobe_main
                0x00022200      0x22c modutils/lib.a(modprobe-small.o)
                0x00022200                modprobe_main
 .text.fileAction
                0x0002242c       0xd0 modutils/lib.a(modprobe-small.o)
 .text.filename2modname
                0x000224fc       0x74 modutils/lib.a(modutils.o)
                0x000224fc                filename2modname
 .text.arp_show
                0x00022570      0x2e0 networking/lib.a(arp.o)
 .text.arp_main
                0x00022850      0x628 networking/lib.a(arp.o)
                0x00022850                arp_main
 .text.finish   0x00022e78       0xa0 networking/lib.a(arping.o)
 .text.catcher  0x00022f18      0x190 networking/lib.a(arping.o)
 .text.arping_main
                0x000230a8      0x7c0 networking/lib.a(arping.o)
                0x000230a8                arping_main
 .text.arm_ioctl
                0x00023868        0xc networking/lib.a(brctl.o)
 .text.brctl_main
                0x00023874      0x508 networking/lib.a(brctl.o)
                0x00023874                brctl_main
 .text.undot    0x00023d7c       0x4c networking/lib.a(dnsd.o)
 .text.dnsd_main
                0x00023dc8      0x614 networking/lib.a(dnsd.o)
                0x00023dc8                dnsd_main
 .text.ether_wake_main
                0x000243dc      0x2f0 networking/lib.a(ether-wake.o)
                0x000243dc                ether_wake_main
 .text.replace_char
                0x000246cc       0x28 networking/lib.a(ftpd.o)
 .text.pasv_active
                0x000246f4       0x1c networking/lib.a(ftpd.o)
 .text.verbose_log
                0x00024710       0x2c networking/lib.a(ftpd.o)
 .text.cmdio_write_ok
                0x0002473c       0x40 networking/lib.a(ftpd.o)
 .text.cmdio_write_error
                0x0002477c       0x40 networking/lib.a(ftpd.o)
 .text.escape_text
                0x000247bc       0xa0 networking/lib.a(ftpd.o)
 .text.cmdio_write
                0x0002485c       0x6c networking/lib.a(ftpd.o)
 .text.handle_cwd
                0x000248c8       0x44 networking/lib.a(ftpd.o)
 .text.cmdio_write_raw
                0x0002490c       0x34 networking/lib.a(ftpd.o)
 .text.port_or_pasv_was_seen
                0x00024940       0x40 networking/lib.a(ftpd.o)
 .text.port_pasv_cleanup
                0x00024980       0x38 networking/lib.a(ftpd.o)
 .text.get_remote_transfer_fd
                0x000249b8       0x94 networking/lib.a(ftpd.o)
 .text.handle_dir_common
                0x00024a4c      0x1ac networking/lib.a(ftpd.o)
 .text.bind_for_passive_mode
                0x00024bf8       0x98 networking/lib.a(ftpd.o)
 .text.timeout_handler
                0x00024c90       0x98 networking/lib.a(ftpd.o)
 .text.handle_upload_common
                0x00024d28      0x188 networking/lib.a(ftpd.o)
 .text.ftpd_main
                0x00024eb0      0xadc networking/lib.a(ftpd.o)
                0x00024eb0                ftpd_main
 .text.ftp_die  0x0002598c       0x54 networking/lib.a(ftpgetput.o)
 .text.ftpcmd   0x000259e0       0xd0 networking/lib.a(ftpgetput.o)
 .text.ftpgetput_main
                0x00025ab0      0x1cc networking/lib.a(ftpgetput.o)
                0x00025ab0                ftpgetput_main
 .text.xconnect_ftpdata
                0x00025c7c       0xb8 networking/lib.a(ftpgetput.o)
 .text.pump_data_and_QUIT
                0x00025d34       0x68 networking/lib.a(ftpgetput.o)
 .text.ftp_receive
                0x00025d9c      0x16c networking/lib.a(ftpgetput.o)
 .text.ftp_send
                0x00025f08       0x74 networking/lib.a(ftpgetput.o)
 .text.do_sethostname
                0x00025f7c       0x84 networking/lib.a(hostname.o)
 .text.hostname_main
                0x00026000      0x164 networking/lib.a(hostname.o)
                0x00026000                hostname_main
 .text.scan_ip  0x00026164       0xc8 networking/lib.a(httpd.o)
 .text.checkPermIP
                0x0002622c       0x5c networking/lib.a(httpd.o)
 .text.free_llist
                0x00026288       0x2c networking/lib.a(httpd.o)
 .text.parse_conf
                0x000262b4      0x5cc networking/lib.a(httpd.o)
 .text.sighup_handler
                0x00026880       0x10 networking/lib.a(httpd.o)
 .text.get_line
                0x00026890       0xb4 networking/lib.a(httpd.o)
 .text.check_user_passwd
                0x00026944      0x220 networking/lib.a(httpd.o)
 .text.log_and_exit
                0x00026b64       0x40 networking/lib.a(httpd.o)
 .text.cgi_io_loop_and_exit
                0x00026ba4      0x270 networking/lib.a(httpd.o)
 .text.setenv1  0x00026e14       0x18 networking/lib.a(httpd.o)
 .text.send_file_and_exit
                0x00026e2c      0x3bc networking/lib.a(httpd.o)
 .text.send_headers
                0x000271e8      0x348 networking/lib.a(httpd.o)
 .text.send_headers_and_exit
                0x00027530       0x1c networking/lib.a(httpd.o)
 .text.send_cgi_and_exit
                0x0002754c      0x414 networking/lib.a(httpd.o)
 .text.send_REQUEST_TIMEOUT_and_exit
                0x00027960        0x8 networking/lib.a(httpd.o)
 .text.handle_incoming_and_exit
                0x00027968      0xc14 networking/lib.a(httpd.o)
 .text.httpd_main
                0x0002857c      0x3b8 networking/lib.a(httpd.o)
                0x0002857c                httpd_main
 .text.ifconfig_main
                0x00028934      0x4c4 networking/lib.a(ifconfig.o)
                0x00028934                ifconfig_main
 .text.ioctl_on_skfd
                0x00028df8       0x10 networking/lib.a(ifenslave.o)
 .text.set_ifrname_and_do_ioctl
                0x00028e08       0x28 networking/lib.a(ifenslave.o)
 .text.get_slave_flags
                0x00028e30       0x20 networking/lib.a(ifenslave.o)
 .text.set_if_flags
                0x00028e50       0x28 networking/lib.a(ifenslave.o)
 .text.set_if_down
                0x00028e78       0x30 networking/lib.a(ifenslave.o)
 .text.set_if_up
                0x00028ea8       0x30 networking/lib.a(ifenslave.o)
 .text.set_mtu  0x00028ed8       0x28 networking/lib.a(ifenslave.o)
 .text.get_if_settings
                0x00028f00       0x54 networking/lib.a(ifenslave.o)
 .text.set_hwaddr
                0x00028f54       0x34 networking/lib.a(ifenslave.o)
 .text.get_drv_info
                0x00028f88       0xe0 networking/lib.a(ifenslave.o)
 .text.enslave  0x00029068      0x2a0 networking/lib.a(ifenslave.o)
 .text.ifenslave_main
                0x00029308      0x304 networking/lib.a(ifenslave.o)
                0x00029308                ifenslave_main
 .text.strstatus
                0x0002960c       0x20 networking/lib.a(ifplugd.o)
 .text.read_pid
                0x0002962c       0x4c networking/lib.a(ifplugd.o)
 .text.set_ifreq_to_ifname
                0x00029678       0x30 networking/lib.a(ifplugd.o)
 .text.network_ioctl
                0x000296a8       0x48 networking/lib.a(ifplugd.o)
 .text.detect_link_iff
                0x000296f0       0x6c networking/lib.a(ifplugd.o)
 .text.detect_link_priv
                0x0002975c       0x78 networking/lib.a(ifplugd.o)
 .text.detect_link_mii
                0x000297d4       0x78 networking/lib.a(ifplugd.o)
 .text.detect_link_ethtool
                0x0002984c       0x5c networking/lib.a(ifplugd.o)
 .text.check_existence_through_netlink
                0x000298a8      0x17c networking/lib.a(ifplugd.o)
 .text.up_iface
                0x00029a24       0xa0 networking/lib.a(ifplugd.o)
 .text.maybe_up_new_iface
                0x00029ac4       0x40 networking/lib.a(ifplugd.o)
 .text.detect_link
                0x00029b04      0x130 networking/lib.a(ifplugd.o)
 .text.detect_link_wlan
                0x00029c34       0xb4 networking/lib.a(ifplugd.o)
 .text.run_script
                0x00029ce8       0xfc networking/lib.a(ifplugd.o)
 .text.ifplugd_main
                0x00029de4      0x594 networking/lib.a(ifplugd.o)
                0x00029de4                ifplugd_main
 .text.manual_up_down6
                0x0002a378        0x8 networking/lib.a(ifupdown.o)
 .text.manual_up_down
                0x0002a380        0x8 networking/lib.a(ifupdown.o)
 .text.check    0x0002a388        0xc networking/lib.a(ifupdown.o)
 .text.strncmpz
                0x0002a394       0x20 networking/lib.a(ifupdown.o)
 .text.get_var  0x0002a3b4       0x90 networking/lib.a(ifupdown.o)
 .text.find_iface_state
                0x0002a444       0x58 networking/lib.a(ifupdown.o)
 .text.addstr   0x0002a49c       0x58 networking/lib.a(ifupdown.o)
 .text.execute  0x0002a4f4      0x2f8 networking/lib.a(ifupdown.o)
 .text.loopback_down6
                0x0002a7ec       0x14 networking/lib.a(ifupdown.o)
 .text.loopback_up6
                0x0002a800       0x4c networking/lib.a(ifupdown.o)
 .text.static_down6
                0x0002a84c       0x14 networking/lib.a(ifupdown.o)
 .text.static_up6
                0x0002a860       0x64 networking/lib.a(ifupdown.o)
 .text.v4tunnel_down
                0x0002a8c4       0x14 networking/lib.a(ifupdown.o)
 .text.v4tunnel_up
                0x0002a8d8       0x7c networking/lib.a(ifupdown.o)
 .text.loopback_down
                0x0002a954       0x4c networking/lib.a(ifupdown.o)
 .text.loopback_up
                0x0002a9a0       0x4c networking/lib.a(ifupdown.o)
 .text.dhcp_up  0x0002a9ec       0x40 networking/lib.a(ifupdown.o)
 .text.bootp_up
                0x0002aa2c       0x14 networking/lib.a(ifupdown.o)
 .text.static_down
                0x0002aa40       0x4c networking/lib.a(ifupdown.o)
 .text.static_up
                0x0002aa8c       0x64 networking/lib.a(ifupdown.o)
 .text.ppp_down
                0x0002aaf0       0x14 networking/lib.a(ifupdown.o)
 .text.ppp_up   0x0002ab04       0x14 networking/lib.a(ifupdown.o)
 .text.wvdial_down
                0x0002ab18       0x14 networking/lib.a(ifupdown.o)
 .text.wvdial_up
                0x0002ab2c       0x14 networking/lib.a(ifupdown.o)
 .text.dhcp_down
                0x0002ab40       0x50 networking/lib.a(ifupdown.o)
 .text.next_word
                0x0002ab90       0x58 networking/lib.a(ifupdown.o)
 .text.popen2   0x0002abe8       0xbc networking/lib.a(ifupdown.o)
 .text.read_iface_state
                0x0002aca4       0x64 networking/lib.a(ifupdown.o)
 .text.setlocalenv
                0x0002ad08       0x84 networking/lib.a(ifupdown.o)
 .text.set_environ
                0x0002ad8c      0x170 networking/lib.a(ifupdown.o)
 .text.doit     0x0002aefc       0xac networking/lib.a(ifupdown.o)
 .text.execute_all
                0x0002afa8       0x6c networking/lib.a(ifupdown.o)
 .text.iface_up
                0x0002b014       0xac networking/lib.a(ifupdown.o)
 .text.iface_down
                0x0002b0c0       0xac networking/lib.a(ifupdown.o)
 .text.read_interfaces
                0x0002b16c      0x5b4 networking/lib.a(ifupdown.o)
 .text.ifupdown_main
                0x0002b720      0x4e8 networking/lib.a(ifupdown.o)
                0x0002b720                ifupdown_main
 .text.remove_fd_from_set
                0x0002bc08       0x3c networking/lib.a(inetd.o)
 .text.init_ring
                0x0002bc44       0x30 networking/lib.a(inetd.o)
 .text.discard_dg
                0x0002bc74       0x18 networking/lib.a(inetd.o)
 .text.maybe_close
                0x0002bc8c        0xc networking/lib.a(inetd.o)
 .text.free_servtab_strings
                0x0002bc98       0x60 networking/lib.a(inetd.o)
 .text.bump_nofile
                0x0002bcf8       0xe4 networking/lib.a(inetd.o)
 .text.add_fd_to_set
                0x0002bddc       0x88 networking/lib.a(inetd.o)
 .text.block_CHLD_HUP_ALRM
                0x0002be64       0x44 networking/lib.a(inetd.o)
 .text.restore_sigmask
                0x0002bea8       0x10 networking/lib.a(inetd.o)
 .text.rearm_alarm
                0x0002beb8       0x24 networking/lib.a(inetd.o)
 .text.xzalloc_lsa
                0x0002bedc       0x34 networking/lib.a(inetd.o)
 .text.new_servtab
                0x0002bf10       0x18 networking/lib.a(inetd.o)
 .text.unregister_rpc
                0x0002bf28       0x4c networking/lib.a(inetd.o)
 .text.clean_up_and_exit
                0x0002bf74       0x8c networking/lib.a(inetd.o)
 .text.reap_child
                0x0002c000       0xb8 networking/lib.a(inetd.o)
 .text.daytime_dg
                0x0002c0b8       0xb0 networking/lib.a(inetd.o)
 .text.daytime_stream
                0x0002c168       0x38 networking/lib.a(inetd.o)
 .text.machtime
                0x0002c1a0       0x3c networking/lib.a(inetd.o)
 .text.machtime_dg
                0x0002c1dc       0x84 networking/lib.a(inetd.o)
 .text.machtime_stream
                0x0002c260       0x24 networking/lib.a(inetd.o)
 .text.chargen_dg
                0x0002c284      0x100 networking/lib.a(inetd.o)
 .text.chargen_stream
                0x0002c384       0xa4 networking/lib.a(inetd.o)
 .text.discard_stream
                0x0002c428       0x2c networking/lib.a(inetd.o)
 .text.echo_stream
                0x0002c454       0x38 networking/lib.a(inetd.o)
 .text.echo_dg  0x0002c48c       0x8c networking/lib.a(inetd.o)
 .text.register_rpc
                0x0002c518       0xd0 networking/lib.a(inetd.o)
 .text.prepare_socket_fd
                0x0002c5e8      0x16c networking/lib.a(inetd.o)
 .text.reread_config_file
                0x0002c754      0x9d4 networking/lib.a(inetd.o)
 .text.inetd_main
                0x0002d128      0x91c networking/lib.a(inetd.o)
                0x0002d128                inetd_main
 .text.retry_network_setup
                0x0002da44       0x74 networking/lib.a(inetd.o)
 .text.get_afntype
                0x0002dab8       0x34 networking/lib.a(interface.o)
 .text.get_hwntype
                0x0002daec       0x34 networking/lib.a(interface.o)
                0x0002daec                get_hwntype
 .text.get_hwtype
                0x0002db20       0x44 networking/lib.a(interface.o)
                0x0002db20                get_hwtype
 .text.get_aftype
                0x0002db64       0x44 networking/lib.a(interface.o)
                0x0002db64                get_aftype
 .text.add_interface
                0x0002dba8       0x90 networking/lib.a(interface.o)
 .text.if_readconf
                0x0002dc38       0xcc networking/lib.a(interface.o)
 .text.if_readlist_proc
                0x0002dd04      0x28c networking/lib.a(interface.o)
 .text.do_if_fetch
                0x0002df90      0x318 networking/lib.a(interface.o)
 .text.print_bytes_scaled
                0x0002e2a8       0x90 networking/lib.a(interface.o)
 .text.UNSPEC_print
                0x0002e338       0x74 networking/lib.a(interface.o)
 .text.UNSPEC_sprint
                0x0002e3ac       0x28 networking/lib.a(interface.o)
 .text.INET6_input
                0x0002e3d4        0x4 networking/lib.a(interface.o)
 .text.INET6_sprint
                0x0002e3d8       0x4c networking/lib.a(interface.o)
 .text.INET_input
                0x0002e424        0x8 networking/lib.a(interface.o)
 .text.INET_sprint
                0x0002e42c       0x50 networking/lib.a(interface.o)
 .text.ife_print
                0x0002e47c      0x5cc networking/lib.a(interface.o)
 .text.display_interfaces
                0x0002ea48       0xd8 networking/lib.a(interface.o)
                0x0002ea48                display_interfaces
 .text.in_ib    0x0002eb20       0x28 networking/lib.a(interface.o)
                0x0002eb20                in_ib
 .text.ether_print
                0x0002eb48       0x50 networking/lib.a(interface.o)
 .text.ip_do    0x0002eb98       0x18 networking/lib.a(ip.o)
 .text.iptunnel_main
                0x0002ebb0        0xc networking/lib.a(ip.o)
                0x0002ebb0                iptunnel_main
 .text.iprule_main
                0x0002ebbc        0xc networking/lib.a(ip.o)
                0x0002ebbc                iprule_main
 .text.iproute_main
                0x0002ebc8        0xc networking/lib.a(ip.o)
                0x0002ebc8                iproute_main
 .text.iplink_main
                0x0002ebd4        0xc networking/lib.a(ip.o)
                0x0002ebd4                iplink_main
 .text.ipaddr_main
                0x0002ebe0        0xc networking/lib.a(ip.o)
                0x0002ebe0                ipaddr_main
 .text.ip_main  0x0002ebec       0x4c networking/lib.a(ip.o)
                0x0002ebec                ip_main
 .text.ip_print_help
                0x0002ec38        0x8 networking/lib.a(ip.o)
 .text.ipcalc_main
                0x0002ec40      0x2d8 networking/lib.a(ipcalc.o)
                0x0002ec40                ipcalc_main
 .text.do_timeout
                0x0002ef18        0x8 networking/lib.a(isrv_identd.o)
 .text.do_rd    0x0002ef20      0x118 networking/lib.a(isrv_identd.o)
 .text.fakeidentd_main
                0x0002f038      0x15c networking/lib.a(isrv_identd.o)
                0x0002f038                fakeidentd_main
 .text.new_peer
                0x0002f194       0x74 networking/lib.a(isrv_identd.o)
 .text.prepend_new_eth_table
                0x0002f208      0x198 networking/lib.a(nameif.o)
 .text.nameif_main
                0x0002f3a0      0x308 networking/lib.a(nameif.o)
                0x0002f3a0                nameif_main
 .text.nbdclient_main
                0x0002f6a8      0x230 networking/lib.a(nbd-client.o)
                0x0002f6a8                nbdclient_main
 .text.nc_main  0x0002f8d8      0x464 networking/lib.a(nc.o)
                0x0002f8d8                nc_main
 .text.timeout  0x0002fd3c       0x10 networking/lib.a(nc.o)
 .text.prg_cache_get
                0x0002fd4c       0x54 networking/lib.a(netstat.o)
 .text.dir_act  0x0002fda0       0xec networking/lib.a(netstat.o)
 .text.add_to_prg_cache_if_socket
                0x0002fe8c      0x11c networking/lib.a(netstat.o)
 .text.do_info  0x0002ffa8       0x78 networking/lib.a(netstat.o)
 .text.netstat_main
                0x00030020      0x2a0 networking/lib.a(netstat.o)
                0x00030020                netstat_main
 .text.build_ipv4_addr
                0x000302c0       0x24 networking/lib.a(netstat.o)
 .text.unix_do_one
                0x000302e4      0x290 networking/lib.a(netstat.o)
 .text.build_ipv6_addr
                0x00030574       0x6c networking/lib.a(netstat.o)
 .text.scan_inet_proc_line
                0x000305e0       0xb8 networking/lib.a(netstat.o)
 .text.ip_port_str
                0x00030698       0xa4 networking/lib.a(netstat.o)
 .text.print_inet_line
                0x0003073c      0x10c networking/lib.a(netstat.o)
 .text.raw_do_one
                0x00030848       0x94 networking/lib.a(netstat.o)
 .text.udp_do_one
                0x000308dc       0xc0 networking/lib.a(netstat.o)
 .text.tcp_do_one
                0x0003099c       0x68 networking/lib.a(netstat.o)
 .text.set_default_dns
                0x00030a04       0x6c networking/lib.a(nslookup.o)
 .text.print_host
                0x00030a70       0xec networking/lib.a(nslookup.o)
 .text.nslookup_main
                0x00030b5c       0x8c networking/lib.a(nslookup.o)
                0x00030b5c                nslookup_main
 .text.my_SQRT  0x00030be8       0x9c networking/lib.a(ntpd.o)
 .text.lfp_to_d
                0x00030c84       0x7c networking/lib.a(ntpd.o)
 .text.sfp_to_d
                0x00030d00       0x64 networking/lib.a(ntpd.o)
 .text.d_to_lfp
                0x00030d64       0x90 networking/lib.a(ntpd.o)
 .text.d_to_sfp
                0x00030df4       0x7c networking/lib.a(ntpd.o)
 .text.set_next
                0x00030e70       0x34 networking/lib.a(ntpd.o)
 .text.filter_datapoints
                0x00030ea4      0x18c networking/lib.a(ntpd.o)
 .text.reset_peer_stats
                0x00031030       0xfc networking/lib.a(ntpd.o)
 .text.compare_point_edge
                0x0003112c       0x4c networking/lib.a(ntpd.o)
 .text.compare_survivor_metric
                0x00031178       0x4c networking/lib.a(ntpd.o)
 .text.poll_interval
                0x000311c4       0x44 networking/lib.a(ntpd.o)
 .text.do_sendto
                0x00031208       0x84 networking/lib.a(ntpd.o)
 .text.select_and_cluster
                0x0003128c      0x64c networking/lib.a(ntpd.o)
 .text.gettime1900d
                0x000318d8       0x78 networking/lib.a(ntpd.o)
 .text.ntp_init
                0x00031950      0x200 networking/lib.a(ntpd.o)
 .text.recv_and_process_client_pkt
                0x00031b50      0x1fc networking/lib.a(ntpd.o)
 .text.step_time
                0x00031d4c      0x1ec networking/lib.a(ntpd.o)
 .text.run_script
                0x00031f38      0x12c networking/lib.a(ntpd.o)
 .text.T.99     0x00032064       0x24 networking/lib.a(ntpd.o)
 .text.update_local_clock
                0x00032088      0x400 networking/lib.a(ntpd.o)
 .text.recv_and_process_peer_pkt
                0x00032488      0x540 networking/lib.a(ntpd.o)
 .text.ntpd_main
                0x000329c8      0x47c networking/lib.a(ntpd.o)
                0x000329c8                ntpd_main
 .text.unpack_tail
                0x00032e44      0x144 networking/lib.a(ping.o)
 .text.print_stats_and_exit
                0x00032f88      0x148 networking/lib.a(ping.o)
 .text.T.49     0x000330d0      0x11c networking/lib.a(ping.o)
 .text.sendping4
                0x000331ec       0x70 networking/lib.a(ping.o)
 .text.sendping6
                0x0003325c       0x54 networking/lib.a(ping.o)
 .text.common_ping_main
                0x000332b0      0x79c networking/lib.a(ping.o)
 .text.ping6_main
                0x00033a4c        0x8 networking/lib.a(ping.o)
                0x00033a4c                ping6_main
 .text.ping_main
                0x00033a54        0x8 networking/lib.a(ping.o)
                0x00033a54                ping_main
 .text.pscan_main
                0x00033a5c      0x2f4 networking/lib.a(pscan.o)
                0x00033a5c                pscan_main
 .text.set_flags
                0x00033d50       0x44 networking/lib.a(route.o)
 .text.kw_lookup
                0x00033d94       0x80 networking/lib.a(route.o)
 .text.INET6_displayroutes
                0x00033e14      0x200 networking/lib.a(route.o)
 .text.INET6_setroute
                0x00034014      0x26c networking/lib.a(route.o)
 .text.INET_setroute
                0x00034280      0x3d8 networking/lib.a(route.o)
 .text.bb_displayroutes
                0x00034658      0x1e8 networking/lib.a(route.o)
                0x00034658                bb_displayroutes
 .text.route_main
                0x00034840      0x150 networking/lib.a(route.o)
                0x00034840                route_main
 .text.set_termios_state_or_warn
                0x00034990       0x3c networking/lib.a(slattach.o)
 .text.restore_state_and_exit
                0x000349cc       0x90 networking/lib.a(slattach.o)
 .text.slattach_main
                0x00034a5c      0x2f4 networking/lib.a(slattach.o)
                0x00034a5c                slattach_main
 .text.sig_handler
                0x00034d50        0xc networking/lib.a(slattach.o)
 .text.connection_status
                0x00034d5c       0x24 networking/lib.a(tcpudp.o)
 .text.xsetenv_proto
                0x00034d80       0x3c networking/lib.a(tcpudp.o)
 .text.xsetenv_plain
                0x00034dbc       0x34 networking/lib.a(tcpudp.o)
 .text.tcpudpsvd_main
                0x00034df0      0x830 networking/lib.a(tcpudp.o)
                0x00034df0                tcpudpsvd_main
 .text.sig_term_handler
                0x00035620       0x34 networking/lib.a(tcpudp.o)
 .text.sig_child_handler
                0x00035654       0xb4 networking/lib.a(tcpudp.o)
 .text.ipsvd_perhost_remove